date:
Tue May 12 04:06:08 PDT 2020
＜----------------------------------------------------------------＞
os version:
Ubuntu 18.04.4 LTS \n \l

＜----------------------------------------------------------------＞
cpu information:
processor	: 0
vendor_id	: GenuineIntel
cpu family	: 6
model		: 142
model name	: Intel(R) Core(TM) i7-7500U CPU @ 2.70GHz
stepping	: 9
microcode	: 0xb4
cpu MHz		: 2903.998
cache size	: 4096 KB
physical id	: 0
siblings	: 1
core id		: 0
cpu cores	: 1
apicid		: 0
initial apicid	: 0
fpu		: yes
fpu_exception	: yes
cpuid level	: 22
wp		: yes
flags		: fpu vme de pse tsc msr pae mce cx8 apic sep mtrr pge mca cmov pat pse36 clflush mmx fxsr sse sse2 ss syscall nx pdpe1gb rdtscp lm constant_tsc arch_perfmon nopl xtopology tsc_reliable nonstop_tsc cpuid pni pclmulqdq ssse3 fma cx16 pcid sse4_1 sse4_2 x2apic movbe popcnt tsc_deadline_timer xsave avx f16c rdrand hypervisor lahf_lm abm 3dnowprefetch cpuid_fault invpcid_single pti ssbd ibrs ibpb stibp fsgsbase tsc_adjust bmi1 avx2 smep bmi2 invpcid rdseed adx smap clflushopt xsaveopt xsavec xsaves arat md_clear flush_l1d arch_capabilities
bugs		: cpu_meltdown spectre_v1 spectre_v2 spec_store_bypass l1tf mds swapgs itlb_multihit
bogomips	: 5807.99
clflush size	: 64
cache_alignment	: 64
address sizes	: 43 bits physical, 48 bits virtual
power management:

＜----------------------------------------------------------------＞
memory information:
MemTotal:        2005968 kB
MemFree:           70608 kB
MemAvailable:     617740 kB
Buffers:           32284 kB
Cached:           629020 kB
SwapCached:         4672 kB
Active:           736732 kB
Inactive:         817320 kB
Active(anon):     414112 kB
Inactive(anon):   497028 kB
Active(file):     322620 kB
Inactive(file):   320292 kB
Unevictable:          16 kB
Mlocked:              16 kB
SwapTotal:        969960 kB
SwapFree:         922088 kB
Dirty:             60716 kB
Writeback:             0 kB
AnonPages:        890056 kB
Mapped:           171368 kB
Shmem:             18364 kB
KReclaimable:      71364 kB
Slab:             129836 kB
SReclaimable:      71364 kB
SUnreclaim:        58472 kB
KernelStack:       12188 kB
PageTables:        41720 kB
NFS_Unstable:          0 kB
Bounce:                0 kB
WritebackTmp:          0 kB
CommitLimit:     1972944 kB
Committed_AS:    4914256 kB
VmallocTotal:   34359738367 kB
VmallocUsed:       25012 kB
VmallocChunk:          0 kB
Percpu:            43008 kB
HardwareCorrupted:     0 kB
AnonHugePages:         0 kB
ShmemHugePages:        0 kB
ShmemPmdMapped:        0 kB
CmaTotal:              0 kB
CmaFree:               0 kB
HugePages_Total:       0
HugePages_Free:        0
HugePages_Rsvd:        0
HugePages_Surp:        0
Hugepagesize:       2048 kB
Hugetlb:               0 kB
DirectMap4k:      182144 kB
DirectMap2M:     1914880 kB
DirectMap1G:           0 kB
＜----------------------------------------------------------------＞
disk information:
Filesystem      Size  Used Avail Use% Mounted on
udev            956M     0  956M   0% /dev
tmpfs           196M  1.8M  195M   1% /run
/dev/sda1        20G  7.6G   12G  41% /
tmpfs           980M     0  980M   0% /dev/shm
tmpfs           5.0M  4.0K  5.0M   1% /run/lock
tmpfs           980M     0  980M   0% /sys/fs/cgroup
/dev/loop0       55M   55M     0 100% /snap/core18/1705
/dev/loop1       55M   55M     0 100% /snap/core18/1668
/dev/loop2      2.5M  2.5M     0 100% /snap/gnome-calculator/730
/dev/loop3      1.0M  1.0M     0 100% /snap/gnome-logs/81
/dev/loop4      3.8M  3.8M     0 100% /snap/gnome-system-monitor/135
/dev/loop5      1.0M  1.0M     0 100% /snap/gnome-logs/93
/dev/loop6      243M  243M     0 100% /snap/gnome-3-34-1804/27
/dev/loop7       63M   63M     0 100% /snap/gtk-common-themes/1506
/dev/loop8      161M  161M     0 100% /snap/gnome-3-28-1804/116
/dev/loop9       94M   94M     0 100% /snap/core/8935
/dev/loop10     3.8M  3.8M     0 100% /snap/gnome-system-monitor/127
/dev/loop11      15M   15M     0 100% /snap/gnome-characters/495
/dev/loop12      94M   94M     0 100% /snap/core/9066
/dev/loop13      49M   49M     0 100% /snap/gtk-common-themes/1474
/dev/loop14      15M   15M     0 100% /snap/gnome-characters/399
/dev/loop15     4.4M  4.4M     0 100% /snap/gnome-calculator/704
tmpfs           196M   12K  196M   1% /run/user/121
tmpfs           196M   32K  196M   1% /run/user/1000
/dev/sr1        2.0G  2.0G     0 100% /media/chaos/Ubuntu 18.04.4 LTS amd64
＜----------------------------------------------------------------＞
uptime:
 04:06:08 up 9 min,  1 user,  load average: 2.07, 1.57, 0.81
＜----------------------------------------------------------------＞
installed software:
accountsservice					install
acl						install
acpi-support					install
acpid						install
adduser						install
adium-theme-ubuntu				install
adwaita-icon-theme				install
aisleriot					install
alsa-base					install
alsa-utils					install
amd64-microcode					install
anacron						install
apg						install
app-install-data-partner			install
apparmor					install
apport						install
apport-gtk					install
apport-symptoms					install
appstream					install
apt						install
apt-config-icons				install
apt-utils					install
aptdaemon					install
aptdaemon-data					install
apturl						install
apturl-common					install
aspell						install
aspell-en					install
at-spi2-core					install
avahi-autoipd					install
avahi-daemon					install
avahi-utils					install
baobab						install
base-files					install
base-passwd					install
bash						install
bash-completion					install
bc						install
bind9-host					install
binutils					install
binutils-common:amd64				install
binutils-x86-64-linux-gnu			install
bluez						install
bluez-cups					install
bluez-obexd					install
bolt						install
branding-ubuntu					install
brltty						install
bsdmainutils					install
bsdutils					install
bubblewrap					install
busybox-initramfs				install
busybox-static					install
bzip2						install
ca-certificates					install
cheese						install
cheese-common					install
colord						install
colord-data					install
command-not-found				install
command-not-found-data				install
console-setup					install
console-setup-linux				install
coreutils					install
cpio						install
cpp						install
cpp-7						install
cracklib-runtime				install
crda						install
cron						install
cups						install
cups-browsed					install
cups-bsd					install
cups-client					install
cups-common					install
cups-core-drivers				install
cups-daemon					install
cups-filters					install
cups-filters-core-drivers			install
cups-ipp-utils					install
cups-pk-helper					install
cups-ppdc					install
cups-server-common				install
dash						install
dbus						install
dbus-user-session				install
dbus-x11					install
dc						install
dconf-cli					install
dconf-gsettings-backend:amd64			install
dconf-service					install
debconf						install
debconf-i18n					install
debianutils					install
deja-dup					install
desktop-file-utils				install
dictionaries-common				install
diffstat					install
diffutils					install
dirmngr						install
distro-info-data				install
dma						install
dmidecode					install
dmsetup						install
dmz-cursor-theme				install
dns-root-data					install
dnsmasq-base					install
dnsutils					install
dosfstools					install
dpkg						install
e2fsprogs					install
ed						install
efibootmgr					install
eject						install
emacsen-common					install
enchant						install
eog						install
espeak-ng-data:amd64				install
evince						install
evince-common					install
evolution-data-server				install
evolution-data-server-common			install
example-content					install
fdisk						install
file						install
file-roller					install
findutils					install
firefox						install
firefox-locale-en				install
fontconfig					install
fontconfig-config				install
fonts-beng					install
fonts-beng-extra				install
fonts-dejavu-core				install
fonts-deva					install
fonts-deva-extra				install
fonts-droid-fallback				install
fonts-freefont-ttf				install
fonts-gargi					install
fonts-gubbi					install
fonts-gujr					install
fonts-gujr-extra				install
fonts-guru					install
fonts-guru-extra				install
fonts-indic					install
fonts-kacst					install
fonts-kacst-one					install
fonts-kalapi					install
fonts-khmeros-core				install
fonts-knda					install
fonts-lao					install
fonts-liberation				install
fonts-liberation2				install
fonts-lklug-sinhala				install
fonts-lohit-beng-assamese			install
fonts-lohit-beng-bengali			install
fonts-lohit-deva				install
fonts-lohit-gujr				install
fonts-lohit-guru				install
fonts-lohit-knda				install
fonts-lohit-mlym				install
fonts-lohit-orya				install
fonts-lohit-taml				install
fonts-lohit-taml-classical			install
fonts-lohit-telu				install
fonts-mlym					install
fonts-nakula					install
fonts-navilu					install
fonts-noto-cjk					install
fonts-noto-color-emoji				install
fonts-noto-mono					install
fonts-opensymbol				install
fonts-orya					install
fonts-orya-extra				install
fonts-pagul					install
fonts-sahadeva					install
fonts-samyak-deva				install
fonts-samyak-gujr				install
fonts-samyak-mlym				install
fonts-samyak-taml				install
fonts-sarai					install
fonts-sil-abyssinica				install
fonts-sil-padauk				install
fonts-smc					install
fonts-smc-anjalioldlipi				install
fonts-smc-chilanka				install
fonts-smc-dyuthi				install
fonts-smc-karumbi				install
fonts-smc-keraleeyam				install
fonts-smc-manjari				install
fonts-smc-meera					install
fonts-smc-rachana				install
fonts-smc-raghumalayalamsans			install
fonts-smc-suruma				install
fonts-smc-uroob					install
fonts-taml					install
fonts-telu					install
fonts-telu-extra				install
fonts-thai-tlwg					install
fonts-tibetan-machine				install
fonts-tlwg-garuda				install
fonts-tlwg-garuda-ttf				install
fonts-tlwg-kinnari				install
fonts-tlwg-kinnari-ttf				install
fonts-tlwg-laksaman				install
fonts-tlwg-laksaman-ttf				install
fonts-tlwg-loma					install
fonts-tlwg-loma-ttf				install
fonts-tlwg-mono					install
fonts-tlwg-mono-ttf				install
fonts-tlwg-norasi				install
fonts-tlwg-norasi-ttf				install
fonts-tlwg-purisa				install
fonts-tlwg-purisa-ttf				install
fonts-tlwg-sawasdee				install
fonts-tlwg-sawasdee-ttf				install
fonts-tlwg-typewriter				install
fonts-tlwg-typewriter-ttf			install
fonts-tlwg-typist				install
fonts-tlwg-typist-ttf				install
fonts-tlwg-typo					install
fonts-tlwg-typo-ttf				install
fonts-tlwg-umpush				install
fonts-tlwg-umpush-ttf				install
fonts-tlwg-waree				install
fonts-tlwg-waree-ttf				install
fonts-ubuntu					install
foomatic-db-compressed-ppds			install
friendly-recovery				install
ftp						install
fuse						install
fwupd						install
fwupd-signed					install
fwupdate					install
fwupdate-signed					install
g++						install
g++-7						install
g++-7-multilib					install
g++-multilib					install
gcc						install
gcc-7						install
gcc-7-base:amd64				install
gcc-7-multilib					install
gcc-8-base:amd64				install
gcc-multilib					install
gcr						install
gdb						install
gdbserver					install
gdisk						install
gdm3						install
gedit						install
gedit-common					install
genisoimage					install
geoclue-2.0					install
geoip-database					install
gettext						install
gettext-base					install
ghostscript					install
ghostscript-x					install
gir1.2-accountsservice-1.0			install
gir1.2-atk-1.0:amd64				install
gir1.2-atspi-2.0:amd64				install
gir1.2-dbusmenu-glib-0.4:amd64			install
gir1.2-dee-1.0					install
gir1.2-freedesktop:amd64			install
gir1.2-gck-1:amd64				install
gir1.2-gcr-3:amd64				install
gir1.2-gdesktopenums-3.0:amd64			install
gir1.2-gdkpixbuf-2.0:amd64			install
gir1.2-gdm-1.0					install
gir1.2-geoclue-2.0:amd64			install
gir1.2-geocodeglib-1.0:amd64			install
gir1.2-glib-2.0:amd64				install
gir1.2-gmenu-3.0:amd64				install
gir1.2-gnomebluetooth-1.0:amd64			install
gir1.2-gnomedesktop-3.0:amd64			install
gir1.2-goa-1.0:amd64				install
gir1.2-gst-plugins-base-1.0:amd64		install
gir1.2-gstreamer-1.0:amd64			install
gir1.2-gtk-3.0:amd64				install
gir1.2-gtksource-3.0:amd64			install
gir1.2-gudev-1.0:amd64				install
gir1.2-gweather-3.0:amd64			install
gir1.2-ibus-1.0:amd64				install
gir1.2-javascriptcoregtk-4.0:amd64		install
gir1.2-json-1.0:amd64				install
gir1.2-mutter-2:amd64				install
gir1.2-nm-1.0:amd64				install
gir1.2-nma-1.0:amd64				install
gir1.2-notify-0.7:amd64				install
gir1.2-packagekitglib-1.0			install
gir1.2-pango-1.0:amd64				install
gir1.2-peas-1.0:amd64				install
gir1.2-polkit-1.0				install
gir1.2-rb-3.0:amd64				install
gir1.2-rsvg-2.0:amd64				install
gir1.2-secret-1:amd64				install
gir1.2-snapd-1:amd64				install
gir1.2-soup-2.4:amd64				install
gir1.2-totem-1.0:amd64				install
gir1.2-totemplparser-1.0:amd64			install
gir1.2-udisks-2.0:amd64				install
gir1.2-unity-5.0:amd64				install
gir1.2-upowerglib-1.0:amd64			install
gir1.2-vte-2.91:amd64				install
gir1.2-webkit2-4.0:amd64			install
gir1.2-wnck-3.0:amd64				install
gjs						install
gkbd-capplet					install
glib-networking:amd64				install
glib-networking-common				install
glib-networking-services			install
gnome-accessibility-themes			install
gnome-bluetooth					install
gnome-calendar					install
gnome-control-center				install
gnome-control-center-data			install
gnome-control-center-faces			install
gnome-desktop3-data				install
gnome-disk-utility				install
gnome-font-viewer				install
gnome-getting-started-docs			install
gnome-initial-setup				install
gnome-keyring					install
gnome-keyring-pkcs11:amd64			install
gnome-mahjongg					install
gnome-menus					install
gnome-mines					install
gnome-online-accounts				install
gnome-power-manager				install
gnome-screenshot				install
gnome-session-bin				install
gnome-session-canberra				install
gnome-session-common				install
gnome-settings-daemon				install
gnome-settings-daemon-schemas			install
gnome-shell					install
gnome-shell-common				install
gnome-shell-extension-appindicator		install
gnome-shell-extension-ubuntu-dock		install
gnome-software					install
gnome-software-common				install
gnome-software-plugin-snap			install
gnome-startup-applications			install
gnome-sudoku					install
gnome-terminal					install
gnome-terminal-data				install
gnome-themes-extra:amd64			install
gnome-themes-extra-data				install
gnome-todo					install
gnome-todo-common				install
gnome-user-docs					install
gnome-user-guide				install
gnome-video-effects				install
gnupg						install
gnupg-l10n					install
gnupg-utils					install
gpg						install
gpg-agent					install
gpg-wks-client					install
gpg-wks-server					install
gpgconf						install
gpgsm						install
gpgv						install
grep						install
grilo-plugins-0.3-base:amd64			install
groff-base					install
grub-common					install
grub-gfxpayload-lists				install
grub-pc						install
grub-pc-bin					install
grub2-common					install
gsettings-desktop-schemas			install
gsettings-ubuntu-schemas			install
gsfonts						install
gstreamer1.0-alsa:amd64				install
gstreamer1.0-clutter-3.0:amd64			install
gstreamer1.0-gl:amd64				install
gstreamer1.0-gtk3:amd64				install
gstreamer1.0-packagekit				install
gstreamer1.0-plugins-base:amd64			install
gstreamer1.0-plugins-base-apps			install
gstreamer1.0-plugins-good:amd64			install
gstreamer1.0-pulseaudio:amd64			install
gstreamer1.0-tools				install
gstreamer1.0-x:amd64				install
gtk-update-icon-cache				install
gtk2-engines-murrine:amd64			install
gtk2-engines-pixbuf:amd64			install
guile-2.0-libs:amd64				install
gvfs:amd64					install
gvfs-backends					install
gvfs-bin					install
gvfs-common					install
gvfs-daemons					install
gvfs-fuse					install
gvfs-libs:amd64					install
gzip						install
hdparm						install
hicolor-icon-theme				install
hostname					install
hplip						install
hplip-data					install
humanity-icon-theme				install
hunspell-en-us					install
hyphen-en-us					install
ibus						install
ibus-gtk:amd64					install
ibus-gtk3:amd64					install
ibus-table					install
ifupdown					install
iio-sensor-proxy				install
im-config					install
imagemagick					install
imagemagick-6-common				install
imagemagick-6.q16				install
info						install
init						install
init-system-helpers				install
initramfs-tools					install
initramfs-tools-bin				install
initramfs-tools-core				install
inputattach					install
install-info					install
intel-microcode					install
intltool-debian					install
ippusbxd					install
iproute2					install
iptables					install
iputils-arping					install
iputils-ping					install
iputils-tracepath				install
irqbalance					install
isc-dhcp-client					install
isc-dhcp-common					install
iso-codes					install
iucode-tool					install
iw						install
kbd						install
kerneloops					install
keyboard-configuration				install
klibc-utils					install
kmod						install
krb5-locales					install
language-pack-en				install
language-pack-en-base				install
language-pack-gnome-en				install
language-pack-gnome-en-base			install
language-selector-common			install
language-selector-gnome				install
laptop-detect					install
less						install
lib32asan4					install
lib32atomic1					install
lib32cilkrts5					install
lib32gcc-7-dev					install
lib32gcc1					install
lib32gomp1					install
lib32itm1					install
lib32mpx2					install
lib32quadmath0					install
lib32stdc++-7-dev				install
lib32stdc++6					install
lib32ubsan0					install
libaa1:amd64					install
libabw-0.1-1:amd64				install
libaccountsservice0:amd64			install
libacl1:amd64					install
libao-common					install
libao4:amd64					install
libapparmor1:amd64				install
libappindicator3-1				install
libappstream-glib8:amd64			install
libappstream4:amd64				install
libapt-inst2.0:amd64				install
libapt-pkg-perl					install
libapt-pkg5.0:amd64				install
libarchive-zip-perl				install
libarchive13:amd64				install
libargon2-0:amd64				install
libart-2.0-2:amd64				install
libasan4:amd64					install
libasn1-8-heimdal:amd64				install
libasound2:amd64				install
libasound2-data					install
libasound2-plugins:amd64			install
libaspell15:amd64				install
libassuan0:amd64				install
libasyncns0:amd64				install
libatasmart4:amd64				install
libatk-adaptor:amd64				install
libatk-bridge2.0-0:amd64			install
libatk1.0-0:amd64				install
libatk1.0-data					install
libatm1:amd64					install
libatomic1:amd64				install
libatspi2.0-0:amd64				install
libattr1:amd64					install
libaudio2:amd64					install
libaudit-common					install
libaudit1:amd64					install
libauthen-sasl-perl				install
libavahi-client3:amd64				install
libavahi-common-data:amd64			install
libavahi-common3:amd64				install
libavahi-core7:amd64				install
libavahi-glib1:amd64				install
libavahi-ui-gtk3-0:amd64			install
libavc1394-0:amd64				install
libbabeltrace1:amd64				install
libbind9-160:amd64				install
libbinutils:amd64				install
libblkid1:amd64					install
libblockdev-crypto2:amd64			install
libblockdev-fs2:amd64				install
libblockdev-loop2:amd64				install
libblockdev-part-err2:amd64			install
libblockdev-part2:amd64				install
libblockdev-swap2:amd64				install
libblockdev-utils2:amd64			install
libblockdev2:amd64				install
libbluetooth3:amd64				install
libboost-date-time1.65.1:amd64			install
libboost-filesystem1.65.1:amd64			install
libboost-iostreams1.65.1:amd64			install
libboost-locale1.65.1:amd64			install
libboost-system1.65.1:amd64			install
libboost-thread1.65.1:amd64			install
libbrlapi0.6:amd64				install
libbrotli1:amd64				install
libbsd0:amd64					install
libbz2-1.0:amd64				install
libc-bin					install
libc-dev-bin					install
libc6:amd64					install
libc6-dbg:amd64					install
libc6-dev:amd64					install
libc6-dev-i386					install
libc6-dev-x32					install
libc6-i386					install
libc6-x32					install
libcaca0:amd64					install
libcairo-gobject-perl				install
libcairo-gobject2:amd64				install
libcairo-perl					install
libcairo2:amd64					install
libcamel-1.2-61:amd64				install
libcanberra-gtk3-0:amd64			install
libcanberra-gtk3-module:amd64			install
libcanberra-pulse:amd64				install
libcanberra0:amd64				install
libcap-ng0:amd64				install
libcap2:amd64					install
libcap2-bin					install
libcc1-0:amd64					install
libcdio-cdda2:amd64				install
libcdio-paranoia2:amd64				install
libcdio17:amd64					install
libcdparanoia0:amd64				install
libcdr-0.1-1:amd64				install
libcgi-fast-perl				install
libcgi-pm-perl					install
libcheese-gtk25:amd64				install
libcheese8:amd64				install
libcilkrts5:amd64				install
libclass-accessor-perl				install
libclone-perl					install
libclucene-contribs1v5:amd64			install
libclucene-core1v5:amd64			install
libclutter-1.0-0:amd64				install
libclutter-1.0-common				install
libclutter-gst-3.0-0:amd64			install
libclutter-gtk-1.0-0:amd64			install
libcmis-0.5-5v5					install
libcogl-common					install
libcogl-pango20:amd64				install
libcogl-path20:amd64				install
libcogl20:amd64					install
libcolamd2:amd64				install
libcolord-gtk1:amd64				install
libcolord2:amd64				install
libcolorhug2:amd64				install
libcom-err2:amd64				install
libcrack2:amd64					install
libcroco3:amd64					install
libcryptsetup12:amd64				install
libcups2:amd64					install
libcupscgi1:amd64				install
libcupsfilters1:amd64				install
libcupsimage2:amd64				install
libcupsmime1:amd64				install
libcupsppdc1:amd64				install
libcurl3-gnutls:amd64				install
libdaemon0:amd64				install
libdata-dump-perl				install
libdatrie1:amd64				install
libdazzle-1.0-0:amd64				install
libdb5.3:amd64					install
libdbus-1-3:amd64				install
libdbus-glib-1-2:amd64				install
libdbusmenu-glib4:amd64				install
libdbusmenu-gtk3-4:amd64			install
libdbusmenu-gtk4:amd64				install
libdconf1:amd64					install
libdebconfclient0:amd64				install
libdee-1.0-4:amd64				install
libdevmapper1.02.1:amd64			install
libdigest-hmac-perl				install
libdjvulibre-text				install
libdjvulibre21:amd64				install
libdmapsharing-3.0-2:amd64			install
libdns-export1100				install
libdns1100:amd64				install
libdotconf0:amd64				install
libdpkg-perl					install
libdrm-amdgpu1:amd64				install
libdrm-common					install
libdrm-intel1:amd64				install
libdrm-nouveau2:amd64				install
libdrm-radeon1:amd64				install
libdrm2:amd64					install
libdv4:amd64					install
libdw1:amd64					install
libe-book-0.1-1:amd64				install
libebackend-1.2-10:amd64			install
libebook-1.2-19:amd64				install
libebook-contacts-1.2-2:amd64			install
libecal-1.2-19:amd64				install
libedata-book-1.2-25:amd64			install
libedata-cal-1.2-28:amd64			install
libedataserver-1.2-23:amd64			install
libedataserverui-1.2-2:amd64			install
libedit2:amd64					install
libefiboot1:amd64				install
libefivar1:amd64				install
libegl-mesa0:amd64				install
libegl1:amd64					install
libegl1-mesa:amd64				install
libelf1:amd64					install
libemail-valid-perl				install
libenchant1c2a:amd64				install
libencode-locale-perl				install
libeot0:amd64					install
libepoxy0:amd64					install
libepubgen-0.1-1:amd64				install
libespeak-ng1:amd64				install
libestr0:amd64					install
libetonyek-0.1-1:amd64				install
libevdev2:amd64					install
libevdocument3-4:amd64				install
libevent-2.1-6:amd64				install
libevview3-3:amd64				install
libexempi3:amd64				install
libexif12:amd64					install
libexiv2-14:amd64				install
libexpat1:amd64					install
libexporter-tiny-perl				install
libext2fs2:amd64				install
libexttextcat-2.0-0:amd64			install
libexttextcat-data				install
libfastjson4:amd64				install
libfcgi-perl					install
libfdisk1:amd64					install
libffi6:amd64					install
libfftw3-double3:amd64				install
libfftw3-single3:amd64				install
libfile-basedir-perl				install
libfile-copy-recursive-perl			install
libfile-desktopentry-perl			install
libfile-fcntllock-perl				install
libfile-listing-perl				install
libfile-mimeinfo-perl				install
libflac8:amd64					install
libfont-afm-perl				install
libfontconfig1:amd64				install
libfontembed1:amd64				install
libfontenc1:amd64				install
libfreehand-0.1-1				install
libfreerdp-client2-2:amd64			install
libfreerdp2-2:amd64				install
libfreetype6:amd64				install
libfribidi0:amd64				install
libfuse2:amd64					install
libfwup1:amd64					install
libfwupd2:amd64					install
libgail-3-0:amd64				install
libgail-common:amd64				install
libgail18:amd64					install
libgbm1:amd64					install
libgc1c2:amd64					install
libgcab-1.0-0:amd64				install
libgcc-7-dev:amd64				install
libgcc1:amd64					install
libgck-1-0:amd64				install
libgcr-base-3-1:amd64				install
libgcr-ui-3-1:amd64				install
libgcrypt20:amd64				install
libgd3:amd64					install
libgdata-common					install
libgdata22:amd64				install
libgdbm-compat4:amd64				install
libgdbm5:amd64					install
libgdk-pixbuf2.0-0:amd64			install
libgdk-pixbuf2.0-bin				install
libgdk-pixbuf2.0-common				install
libgdm1						install
libgee-0.8-2:amd64				install
libgeoclue-2-0:amd64				install
libgeocode-glib0:amd64				install
libgeoip1:amd64					install
libgexiv2-2:amd64				install
libgirepository-1.0-1:amd64			install
libgjs0g					install
libgl1:amd64					install
libgl1-mesa-dri:amd64				install
libgl1-mesa-glx:amd64				install
libglapi-mesa:amd64				install
libgles2:amd64					install
libglib-object-introspection-perl		install
libglib-perl					install
libglib2.0-0:amd64				install
libglib2.0-bin					install
libglib2.0-data					install
libglu1-mesa:amd64				install
libglvnd0:amd64					install
libglx-mesa0:amd64				install
libglx0:amd64					install
libgmime-3.0-0:amd64				install
libgmp10:amd64					install
libgnome-autoar-0-0:amd64			install
libgnome-bluetooth13:amd64			install
libgnome-desktop-3-17:amd64			install
libgnome-games-support-1-3:amd64		install
libgnome-games-support-common			install
libgnome-menu-3-0:amd64				install
libgnome-todo					install
libgnomekbd-common				install
libgnomekbd8:amd64				install
libgnutls30:amd64				install
libgoa-1.0-0b:amd64				install
libgoa-1.0-common				install
libgoa-backend-1.0-1:amd64			install
libgom-1.0-0:amd64				install
libgomp1:amd64					install
libgpg-error0:amd64				install
libgpgme11:amd64				install
libgpgmepp6:amd64				install
libgphoto2-6:amd64				install
libgphoto2-l10n					install
libgphoto2-port12:amd64				install
libgpm2:amd64					install
libgpod-common					install
libgpod4:amd64					install
libgraphene-1.0-0:amd64				install
libgraphite2-3:amd64				install
libgrilo-0.3-0:amd64				install
libgs9:amd64					install
libgs9-common					install
libgspell-1-1:amd64				install
libgspell-1-common				install
libgssapi-krb5-2:amd64				install
libgssapi3-heimdal:amd64			install
libgstreamer-gl1.0-0:amd64			install
libgstreamer-plugins-base1.0-0:amd64		install
libgstreamer-plugins-good1.0-0:amd64		install
libgstreamer1.0-0:amd64				install
libgtk-3-0:amd64				install
libgtk-3-bin					install
libgtk-3-common					install
libgtk2.0-0:amd64				install
libgtk2.0-bin					install
libgtk2.0-common				install
libgtk3-perl					install
libgtksourceview-3.0-1:amd64			install
libgtksourceview-3.0-common			install
libgtop-2.0-11:amd64				install
libgtop2-common					install
libgudev-1.0-0:amd64				install
libgusb2:amd64					install
libgutenprint2					install
libgweather-3-15:amd64				install
libgweather-common				install
libgxps2:amd64					install
libharfbuzz-icu0:amd64				install
libharfbuzz0b:amd64				install
libhcrypto4-heimdal:amd64			install
libheimbase1-heimdal:amd64			install
libheimntlm0-heimdal:amd64			install
libhogweed4:amd64				install
libhpmud0:amd64					install
libhtml-form-perl				install
libhtml-format-perl				install
libhtml-parser-perl				install
libhtml-tagset-perl				install
libhtml-tree-perl				install
libhttp-cookies-perl				install
libhttp-daemon-perl				install
libhttp-date-perl				install
libhttp-message-perl				install
libhttp-negotiate-perl				install
libhunspell-1.6-0:amd64				install
libhx509-5-heimdal:amd64			install
libhyphen0:amd64				install
libibus-1.0-5:amd64				install
libical3:amd64					install
libice6:amd64					install
libicu60:amd64					install
libidn11:amd64					install
libidn2-0:amd64					install
libiec61883-0:amd64				install
libieee1284-3:amd64				install
libijs-0.35:amd64				install
libilmbase12:amd64				install
libimobiledevice6:amd64				install
libindicator3-7					install
libinput-bin					install
libinput10:amd64				install
libio-html-perl					install
libio-pty-perl					install
libio-socket-inet6-perl				install
libio-socket-ssl-perl				install
libio-string-perl				install
libip4tc0:amd64					install
libip6tc0:amd64					install
libipc-run-perl					install
libipc-system-simple-perl			install
libiptc0:amd64					install
libirs160:amd64					install
libisc-export169:amd64				install
libisc169:amd64					install
libisccc160:amd64				install
libisccfg160:amd64				install
libisl19:amd64					install
libitm1:amd64					install
libiw30:amd64					install
libjack-jackd2-0:amd64				install
libjansson4:amd64				install
libjavascriptcoregtk-4.0-18:amd64		install
libjbig0:amd64					install
libjbig2dec0:amd64				install
libjpeg-turbo8:amd64				install
libjpeg8:amd64					install
libjson-c3:amd64				install
libjson-glib-1.0-0:amd64			install
libjson-glib-1.0-common				install
libk5crypto3:amd64				install
libkeyutils1:amd64				install
libklibc					install
libkmod2:amd64					install
libkpathsea6:amd64				install
libkrb5-26-heimdal:amd64			install
libkrb5-3:amd64					install
libkrb5support0:amd64				install
libksba8:amd64					install
liblangtag-common				install
liblangtag1:amd64				install
liblcms2-2:amd64				install
liblcms2-utils					install
libldap-2.4-2:amd64				install
libldap-common					install
libldb1:amd64					install
liblirc-client0:amd64				install
liblist-moreutils-perl				install
libllvm6.0:amd64				install
libllvm9:amd64					install
liblocale-gettext-perl				install
liblouis-data					install
liblouis14:amd64				install
liblouisutdml-bin				install
liblouisutdml-data				install
liblouisutdml8:amd64				install
liblqr-1-0:amd64				install
liblsan0:amd64					install
libltdl7:amd64					install
liblua5.3-0:amd64				install
liblwp-mediatypes-perl				install
liblwp-protocol-https-perl			install
liblwres160:amd64				install
liblz4-1:amd64					install
liblzma5:amd64					install
liblzo2-2:amd64					install
libmagic-mgc					install
libmagic1:amd64					install
libmagickcore-6.q16-3:amd64			install
libmagickcore-6.q16-3-extra:amd64		install
libmagickwand-6.q16-3:amd64			install
libmailtools-perl				install
libmbim-glib4:amd64				install
libmbim-proxy					install
libmediaart-2.0-0:amd64				install
libmessaging-menu0:amd64			install
libmhash2:amd64					install
libminiupnpc10:amd64				install
libmm-glib0:amd64				install
libmnl0:amd64					install
libmount1:amd64					install
libmozjs-52-0:amd64				install
libmp3lame0:amd64				install
libmpc3:amd64					install
libmpdec2:amd64					install
libmpfr6:amd64					install
libmpg123-0:amd64				install
libmpx2:amd64					install
libmspub-0.1-1:amd64				install
libmtdev1:amd64					install
libmtp-common					install
libmtp-runtime					install
libmtp9:amd64					install
libmutter-2-0:amd64				install
libmwaw-0.3-3:amd64				install
libmythes-1.2-0:amd64				install
libnatpmp1					install
libnautilus-extension1a:amd64			install
libncurses5:amd64				install
libncursesw5:amd64				install
libndp0:amd64					install
libneon27-gnutls:amd64				install
libnet-dbus-perl				install
libnet-dns-perl					install
libnet-domain-tld-perl				install
libnet-http-perl				install
libnet-ip-perl					install
libnet-libidn-perl				install
libnet-smtp-ssl-perl				install
libnet-ssleay-perl				install
libnetfilter-conntrack3:amd64			install
libnetpbm10					install
libnettle6:amd64				install
libnewt0.52:amd64				install
libnfnetlink0:amd64				install
libnghttp2-14:amd64				install
libnih1:amd64					install
libnl-3-200:amd64				install
libnl-genl-3-200:amd64				install
libnm0:amd64					install
libnma0:amd64					install
libnotify-bin					install
libnotify4:amd64				install
libnpth0:amd64					install
libnspr4:amd64					install
libnss-mdns:amd64				install
libnss-myhostname:amd64				install
libnss-systemd:amd64				install
libnss3:amd64					install
libntfs-3g88					install
libnuma1:amd64					install
liboauth0:amd64					install
libodfgen-0.1-1:amd64				install
libogg0:amd64					install
libopenexr22:amd64				install
libopus0:amd64					install
liborc-0.4-0:amd64				install
liborcus-0.13-0:amd64				install
libp11-kit0:amd64				install
libpackagekit-glib2-18:amd64			install
libpagemaker-0.0-0:amd64			install
libpam-cap:amd64				install
libpam-gnome-keyring:amd64			install
libpam-modules:amd64				install
libpam-modules-bin				install
libpam-runtime					install
libpam-systemd:amd64				install
libpam0g:amd64					install
libpango-1.0-0:amd64				install
libpangocairo-1.0-0:amd64			install
libpangoft2-1.0-0:amd64				install
libpangoxft-1.0-0:amd64				install
libpaper-utils					install
libpaper1:amd64					install
libparse-debianchangelog-perl			install
libparted-fs-resize0:amd64			install
libparted2:amd64				install
libpcap0.8:amd64				install
libpcaudio0					install
libpci3:amd64					install
libpciaccess0:amd64				install
libpcre3:amd64					install
libpcsclite1:amd64				install
libpeas-1.0-0:amd64				install
libpeas-common					install
libperl5.26:amd64				install
libperlio-gzip-perl				install
libphonenumber7:amd64				install
libpipeline1:amd64				install
libpixman-1-0:amd64				install
libplist3:amd64					install
libplymouth4:amd64				install
libpng16-16:amd64				install
libpolkit-agent-1-0:amd64			install
libpolkit-backend-1-0:amd64			install
libpolkit-gobject-1-0:amd64			install
libpoppler-glib8:amd64				install
libpoppler73:amd64				install
libpopt0:amd64					install
libprocps6:amd64				install
libprotobuf10:amd64				install
libproxy1-plugin-gsettings:amd64		install
libproxy1-plugin-networkmanager:amd64		install
libproxy1v5:amd64				install
libpsl5:amd64					install
libpulse-mainloop-glib0:amd64			install
libpulse0:amd64					install
libpulsedsp:amd64				install
libpwquality-common				install
libpwquality1:amd64				install
libpython-stdlib:amd64				install
libpython2.7:amd64				install
libpython2.7-minimal:amd64			install
libpython2.7-stdlib:amd64			install
libpython3-stdlib:amd64				install
libpython3.6:amd64				install
libpython3.6-minimal:amd64			install
libpython3.6-stdlib:amd64			install
libqmi-glib5:amd64				install
libqmi-proxy					install
libqpdf21:amd64					install
libqqwing2v5:amd64				install
libquadmath0:amd64				install
libraptor2-0:amd64				install
librasqal3:amd64				install
libraw1394-11:amd64				install
libraw16:amd64					install
librdf0:amd64					install
libreadline7:amd64				install
libreoffice-avmedia-backend-gstreamer		install
libreoffice-base-core				install
libreoffice-calc				install
libreoffice-common				install
libreoffice-core				install
libreoffice-draw				install
libreoffice-gnome				install
libreoffice-gtk3				install
libreoffice-help-en-us				install
libreoffice-impress				install
libreoffice-math				install
libreoffice-ogltrans				install
libreoffice-pdfimport				install
libreoffice-style-breeze			install
libreoffice-style-galaxy			install
libreoffice-style-tango				install
libreoffice-writer				install
librest-0.7-0:amd64				install
librevenge-0.0-0:amd64				install
librhythmbox-core10:amd64			install
libroken18-heimdal:amd64			install
librsvg2-2:amd64				install
librsvg2-common:amd64				install
librtmp1:amd64					install
libsamplerate0:amd64				install
libsane-common					install
libsane-hpaio:amd64				install
libsane1:amd64					install
libsasl2-2:amd64				install
libsasl2-modules:amd64				install
libsasl2-modules-db:amd64			install
libsbc1:amd64					install
libseccomp2:amd64				install
libsecret-1-0:amd64				install
libsecret-common				install
libselinux1:amd64				install
libsemanage-common				install
libsemanage1:amd64				install
libsensors4:amd64				install
libsepol1:amd64					install
libsgutils2-2					install
libshout3:amd64					install
libslang2:amd64					install
libsm6:amd64					install
libsmartcols1:amd64				install
libsmbclient:amd64				install
libsmbios-c2					install
libsnapd-glib1:amd64				install
libsndfile1:amd64				install
libsnmp-base					install
libsnmp30:amd64					install
libsocket6-perl					install
libsodium23:amd64				install
libsonic0:amd64					install
libsoup-gnome2.4-1:amd64			install
libsoup2.4-1:amd64				install
libspectre1:amd64				install
libspeechd2:amd64				install
libspeex1:amd64					install
libspeexdsp1:amd64				install
libsqlite3-0:amd64				install
libss2:amd64					install
libssh-4:amd64					install
libssl1.0.0:amd64				install
libssl1.1:amd64					install
libstartup-notification0:amd64			install
libstdc++-7-dev:amd64				install
libstdc++6:amd64				install
libstemmer0d:amd64				install
libsub-name-perl				install
libsuitesparseconfig5:amd64			install
libsysmetrics1:amd64				install
libsystemd0:amd64				install
libtag1v5:amd64					install
libtag1v5-vanilla:amd64				install
libtalloc2:amd64				install
libtasn1-6:amd64				install
libtdb1:amd64					install
libteamdctl0:amd64				install
libtevent0:amd64				install
libtext-charwidth-perl				install
libtext-iconv-perl				install
libtext-levenshtein-perl			install
libtext-wrapi18n-perl				install
libthai-data					install
libthai0:amd64					install
libtheora0:amd64				install
libtie-ixhash-perl				install
libtiff5:amd64					install
libtimedate-perl				install
libtinfo5:amd64					install
libtotem-plparser-common			install
libtotem-plparser18:amd64			install
libtotem0:amd64					install
libtracker-sparql-2.0-0:amd64			install
libtry-tiny-perl				install
libtsan0:amd64					install
libtwolame0:amd64				install
libu2f-udev					install
libubsan0:amd64					install
libudev1:amd64					install
libudisks2-0:amd64				install
libunistring2:amd64				install
libunity-protocol-private0:amd64		install
libunity-scopes-json-def-desktop		install
libunity9:amd64					install
libunwind8:amd64				install
libupower-glib3:amd64				install
liburi-perl					install
libusb-1.0-0:amd64				install
libusbmuxd4:amd64				install
libuuid1:amd64					install
libv4l-0:amd64					install
libv4lconvert0:amd64				install
libvisio-0.1-1:amd64				install
libvisual-0.4-0:amd64				install
libvncclient1:amd64				install
libvolume-key1					install
libvorbis0a:amd64				install
libvorbisenc2:amd64				install
libvorbisfile3:amd64				install
libvpx5:amd64					install
libvte-2.91-0:amd64				install
libvte-2.91-common				install
libwacom-bin					install
libwacom-common					install
libwacom2:amd64					install
libwavpack1:amd64				install
libwayland-client0:amd64			install
libwayland-cursor0:amd64			install
libwayland-egl1:amd64				install
libwayland-egl1-mesa:amd64			install
libwayland-server0:amd64			install
libwbclient0:amd64				install
libwebkit2gtk-4.0-37:amd64			install
libwebp6:amd64					install
libwebpdemux2:amd64				install
libwebpmux3:amd64				install
libwebrtc-audio-processing1:amd64		install
libwhoopsie-preferences0			install
libwhoopsie0:amd64				install
libwind0-heimdal:amd64				install
libwinpr2-2:amd64				install
libwmf0.2-7:amd64				install
libwmf0.2-7-gtk					install
libwnck-3-0:amd64				install
libwnck-3-common				install
libwoff1:amd64					install
libwpd-0.10-10:amd64				install
libwpg-0.3-3:amd64				install
libwps-0.4-4:amd64				install
libwrap0:amd64					install
libwww-perl					install
libwww-robotrules-perl				install
libx11-6:amd64					install
libx11-data					install
libx11-protocol-perl				install
libx11-xcb1:amd64				install
libx32asan4					install
libx32atomic1					install
libx32cilkrts5					install
libx32gcc-7-dev					install
libx32gcc1					install
libx32gomp1					install
libx32itm1					install
libx32quadmath0					install
libx32stdc++-7-dev				install
libx32stdc++6					install
libx32ubsan0					install
libxapian30:amd64				install
libxatracker2:amd64				install
libxau6:amd64					install
libxaw7:amd64					install
libxcb-dri2-0:amd64				install
libxcb-dri3-0:amd64				install
libxcb-glx0:amd64				install
libxcb-icccm4:amd64				install
libxcb-image0:amd64				install
libxcb-keysyms1:amd64				install
libxcb-present0:amd64				install
libxcb-randr0:amd64				install
libxcb-render-util0:amd64			install
libxcb-render0:amd64				install
libxcb-res0:amd64				install
libxcb-shape0:amd64				install
libxcb-shm0:amd64				install
libxcb-sync1:amd64				install
libxcb-util1:amd64				install
libxcb-xfixes0:amd64				install
libxcb-xkb1:amd64				install
libxcb-xv0:amd64				install
libxcb1:amd64					install
libxcomposite1:amd64				install
libxcursor1:amd64				install
libxdamage1:amd64				install
libxdmcp6:amd64					install
libxext6:amd64					install
libxfixes3:amd64				install
libxfont2:amd64					install
libxft2:amd64					install
libxi6:amd64					install
libxinerama1:amd64				install
libxkbcommon-x11-0:amd64			install
libxkbcommon0:amd64				install
libxkbfile1:amd64				install
libxklavier16:amd64				install
libxml-libxml-perl				install
libxml-namespacesupport-perl			install
libxml-parser-perl				install
libxml-sax-base-perl				install
libxml-sax-expat-perl				install
libxml-sax-perl					install
libxml-simple-perl				install
libxml-twig-perl				install
libxml-xpathengine-perl				install
libxml2:amd64					install
libxmlb1:amd64					install
libxmlsec1:amd64				install
libxmlsec1-nss:amd64				install
libxmu6:amd64					install
libxmuu1:amd64					install
libxpm4:amd64					install
libxrandr2:amd64				install
libxrender1:amd64				install
libxres1:amd64					install
libxshmfence1:amd64				install
libxslt1.1:amd64				install
libxss1:amd64					install
libxt6:amd64					install
libxtables12:amd64				install
libxtst6:amd64					install
libxv1:amd64					install
libxvmc1:amd64					install
libxxf86dga1:amd64				install
libxxf86vm1:amd64				install
libyajl2:amd64					install
libyaml-0-2:amd64				install
libyaml-libyaml-perl				install
libyelp0:amd64					install
libzeitgeist-2.0-0:amd64			install
libzstd1:amd64					install
light-themes					install
lintian						install
linux-base					install
linux-firmware					install
linux-generic-hwe-18.04				install
linux-headers-5.3.0-45				install
linux-headers-5.3.0-45-generic			install
linux-headers-5.3.0-51				install
linux-headers-5.3.0-51-generic			install
linux-headers-generic-hwe-18.04			install
linux-image-5.3.0-28-generic			deinstall
linux-image-5.3.0-42-generic			deinstall
linux-image-5.3.0-45-generic			install
linux-image-5.3.0-51-generic			install
linux-image-generic-hwe-18.04			install
linux-libc-dev:amd64				install
linux-modules-5.3.0-28-generic			deinstall
linux-modules-5.3.0-42-generic			deinstall
linux-modules-5.3.0-45-generic			install
linux-modules-5.3.0-51-generic			install
linux-modules-extra-5.3.0-28-generic		deinstall
linux-modules-extra-5.3.0-42-generic		deinstall
linux-modules-extra-5.3.0-45-generic		install
linux-modules-extra-5.3.0-51-generic		install
linux-sound-base				install
locales						install
login						install
logrotate					install
lp-solve					install
lsb-base					install
lsb-release					install
lshw						install
lsof						install
ltrace						install
make						install
man-db						install
manpages					install
manpages-dev					install
mawk						install
media-player-info				install
memtest86+					install
mime-support					install
mlocate						install
mobile-broadband-provider-info			install
modemmanager					install
mount						install
mousetweaks					install
mscompress					install
mtools						install
mtr-tiny					install
multiarch-support				install
mutter						install
mutter-common					install
mythes-en-us					install
nano						install
nautilus					install
nautilus-data					install
nautilus-extension-gnome-terminal		install
nautilus-sendto					install
nautilus-share					install
ncurses-base					install
ncurses-bin					install
netbase						install
netcat-openbsd					install
netpbm						install
netplan.io					install
network-manager					install
network-manager-config-connectivity-ubuntu	install
network-manager-gnome				install
network-manager-pptp				install
network-manager-pptp-gnome			install
networkd-dispatcher				install
notification-daemon				install
nplan						install
ntfs-3g						install
openprinting-ppds				install
openssh-client					install
openssl						install
orca						install
os-prober					install
p11-kit						install
p11-kit-modules:amd64				install
packagekit					install
packagekit-tools				install
parted						install
passwd						install
patch						install
patchutils					install
pciutils					install
pcmciautils					install
perl						install
perl-base					install
perl-modules-5.26				install
perl-openssl-defaults:amd64			install
pinentry-curses					install
pinentry-gnome3					install
plymouth					install
plymouth-label					install
plymouth-theme-ubuntu-logo			install
plymouth-theme-ubuntu-text			install
policykit-1					install
policykit-desktop-privileges			install
poppler-data					install
poppler-utils					install
popularity-contest				install
powermgmt-base					install
ppp						install
pppconfig					install
pppoeconf					install
pptp-linux					install
printer-driver-brlaser				install
printer-driver-c2esp				install
printer-driver-foo2zjs				install
printer-driver-foo2zjs-common			install
printer-driver-gutenprint			install
printer-driver-hpcups				install
printer-driver-m2300w				install
printer-driver-min12xxw				install
printer-driver-pnm2ppa				install
printer-driver-postscript-hp			install
printer-driver-ptouch				install
printer-driver-pxljr				install
printer-driver-sag-gdi				install
printer-driver-splix				install
procps						install
psmisc						install
publicsuffix					install
pulseaudio					install
pulseaudio-module-bluetooth			install
pulseaudio-utils				install
python						install
python-apt-common				install
python-minimal					install
python-talloc					install
python2.7					install
python2.7-minimal				install
python3						install
python3-apport					install
python3-apt					install
python3-aptdaemon				install
python3-aptdaemon.gtk3widgets			install
python3-asn1crypto				install
python3-brlapi					install
python3-cairo:amd64				install
python3-certifi					install
python3-cffi-backend				install
python3-chardet					install
python3-commandnotfound				install
python3-crypto					install
python3-cryptography				install
python3-cups					install
python3-cupshelpers				install
python3-dateutil				install
python3-dbus					install
python3-debconf					install
python3-debian					install
python3-defer					install
python3-distro-info				install
python3-distupgrade				install
python3-gdbm:amd64				install
python3-gi					install
python3-gi-cairo				install
python3-httplib2				install
python3-idna					install
python3-keyring					install
python3-keyrings.alt				install
python3-launchpadlib				install
python3-lazr.restfulclient			install
python3-lazr.uri				install
python3-louis					install
python3-macaroonbakery				install
python3-mako					install
python3-markupsafe				install
python3-minimal					install
python3-nacl					install
python3-netifaces				install
python3-oauth					install
python3-olefile					install
python3-pexpect					install
python3-pil:amd64				install
python3-pkg-resources				install
python3-problem-report				install
python3-protobuf				install
python3-ptyprocess				install
python3-pyatspi					install
python3-pymacaroons				install
python3-renderpm:amd64				install
python3-reportlab				install
python3-reportlab-accel:amd64			install
python3-requests				install
python3-requests-unixsocket			install
python3-rfc3339					install
python3-secretstorage				install
python3-simplejson				install
python3-six					install
python3-software-properties			install
python3-speechd					install
python3-systemd					install
python3-tz					install
python3-uno					install
python3-update-manager				install
python3-urllib3					install
python3-wadllib					install
python3-xdg					install
python3-xkit					install
python3-yaml					install
python3-zope.interface				install
python3.6					install
python3.6-minimal				install
qpdf						install
readline-common					install
remmina						install
remmina-common					install
remmina-plugin-rdp:amd64			install
remmina-plugin-secret:amd64			install
remmina-plugin-vnc:amd64			install
rfkill						install
rhythmbox					install
rhythmbox-data					install
rhythmbox-plugin-alternative-toolbar		install
rhythmbox-plugins				install
rsync						install
rsyslog						install
rtkit						install
samba-libs:amd64				install
sane-utils					install
sbsigntool					install
seahorse					install
secureboot-db					install
sed						install
sensible-utils					install
session-migration				install
shared-mime-info				install
shotwell					install
shotwell-common					install
simple-scan					install
snapd						install
software-properties-common			install
software-properties-gtk				install
sound-icons					install
sound-theme-freedesktop				install
speech-dispatcher				install
speech-dispatcher-audio-plugins:amd64		install
speech-dispatcher-espeak-ng			install
spice-vdagent					install
squashfs-tools					install
ssl-cert					install
strace						install
sudo						install
syslinux					install
syslinux-common					install
syslinux-legacy					install
system-config-printer				install
system-config-printer-common			install
system-config-printer-udev			install
systemd						install
systemd-sysv					install
sysvinit-utils					install
t1utils						install
tar						install
tcpdump						install
telnet						install
thermald					install
thunderbird					install
thunderbird-gnome-support			install
thunderbird-locale-en				install
thunderbird-locale-en-us			install
time						install
totem						install
totem-common					install
totem-plugins					install
transmission-common				install
transmission-gtk				install
tzdata						install
ubuntu-advantage-tools				install
ubuntu-artwork					install
ubuntu-desktop					install
ubuntu-docs					install
ubuntu-drivers-common				install
ubuntu-keyring					install
ubuntu-minimal					install
ubuntu-mono					install
ubuntu-release-upgrader-core			install
ubuntu-release-upgrader-gtk			install
ubuntu-report					install
ubuntu-session					install
ubuntu-settings					install
ubuntu-software					install
ubuntu-sounds					install
ubuntu-standard					install
ubuntu-system-service				install
ubuntu-wallpapers				install
ubuntu-wallpapers-bionic			install
ubuntu-web-launchers				install
ucf						install
udev						install
udisks2						install
ufw						install
unattended-upgrades				install
uno-libs3					install
unzip						install
update-inetd					install
update-manager					install
update-manager-core				install
update-notifier					install
update-notifier-common				install
upower						install
ure						install
ureadahead					install
usb-creator-common				install
usb-creator-gtk					install
usb-modeswitch					install
usb-modeswitch-data				install
usbmuxd						install
usbutils					install
util-linux					install
uuid-runtime					install
vim-common					install
vim-tiny					install
vino						install
wamerican					install
wbritish					install
wget						install
whiptail					install
whoopsie					install
whoopsie-preferences				install
wireless-regdb					install
wireless-tools					install
wpasupplicant					install
x11-apps					install
x11-common					install
x11-session-utils				install
x11-utils					install
x11-xkb-utils					install
x11-xserver-utils				install
xauth						install
xbitmaps					install
xbrlapi						install
xcursor-themes					install
xdg-desktop-portal				install
xdg-desktop-portal-gtk				install
xdg-user-dirs					install
xdg-user-dirs-gtk				install
xdg-utils					install
xfonts-base					install
xfonts-encodings				install
xfonts-scalable					install
xfonts-utils					install
xinit						install
xinput						install
xkb-data					install
xorg						install
xorg-docs-core					install
xserver-common					install
xserver-xephyr					install
xserver-xorg-core-hwe-18.04			install
xserver-xorg-hwe-18.04				install
xserver-xorg-input-all-hwe-18.04		install
xserver-xorg-input-libinput-hwe-18.04		install
xserver-xorg-input-wacom-hwe-18.04		install
xserver-xorg-legacy-hwe-18.04			install
xserver-xorg-video-all-hwe-18.04		install
xserver-xorg-video-amdgpu-hwe-18.04		install
xserver-xorg-video-ati-hwe-18.04		install
xserver-xorg-video-fbdev-hwe-18.04		install
xserver-xorg-video-intel-hwe-18.04		install
xserver-xorg-video-nouveau-hwe-18.04		install
xserver-xorg-video-qxl-hwe-18.04		install
xserver-xorg-video-radeon-hwe-18.04		install
xserver-xorg-video-vesa-hwe-18.04		install
xserver-xorg-video-vmware-hwe-18.04		install
xul-ext-ubufox					install
xwayland					install
xxd						install
xz-utils					install
yelp						install
yelp-xsl					install
zeek-lts					install
zeek-lts-core					install
zeekctl-lts					install
zeitgeist-core					install
zenity						install
zenity-common					install
zip						install
zlib1g:amd64					install
＜----------------------------------------------------------------＞
services information:
 [ + ]  acpid
 [ + ]  alsa-utils
 [ + ]  anacron
 [ + ]  apparmor
 [ + ]  apport
 [ + ]  avahi-daemon
 [ - ]  bluetooth
 [ - ]  console-setup.sh
 [ + ]  cron
 [ + ]  cups
 [ + ]  cups-browsed
 [ + ]  dbus
 [ - ]  dns-clean
 [ + ]  gdm3
 [ + ]  grub-common
 [ - ]  hwclock.sh
 [ - ]  irqbalance
 [ + ]  kerneloops
 [ - ]  keyboard-setup.sh
 [ + ]  kmod
 [ + ]  network-manager
 [ + ]  networking
 [ - ]  plymouth
 [ - ]  plymouth-log
 [ - ]  pppd-dns
 [ + ]  procps
 [ - ]  rsync
 [ + ]  rsyslog
 [ - ]  saned
 [ + ]  speech-dispatcher
 [ - ]  spice-vdagent
 [ + ]  udev
 [ + ]  ufw
 [ + ]  unattended-upgrades
 [ - ]  uuidd
 [ + ]  vmware-tools
 [ + ]  whoopsie
 [ - ]  x11-common
＜----------------------------------------------------------------＞
drives information:
Module                  Size  Used by
nls_utf8               16384  1
isofs                  49152  1
intel_rapl_msr         20480  0
vmw_balloon            24576  0
intel_rapl_common      24576  1 intel_rapl_msr
crct10dif_pclmul       16384  1
crc32_pclmul           16384  0
ghash_clmulni_intel    16384  0
cryptd                 24576  1 ghash_clmulni_intel
intel_rapl_perf        20480  0
joydev                 28672  0
input_leds             16384  0
serio_raw              20480  0
vmw_vsock_vmci_transport    32768  2
vsock                  36864  3 vmw_vsock_vmci_transport
snd_ens1371            28672  4
snd_ac97_codec        135168  1 snd_ens1371
gameport               16384  1 snd_ens1371
ac97_bus               16384  1 snd_ac97_codec
snd_pcm               102400  2 snd_ac97_codec,snd_ens1371
snd_seq_midi           20480  0
snd_seq_midi_event     16384  1 snd_seq_midi
snd_rawmidi            36864  2 snd_seq_midi,snd_ens1371
snd_seq                69632  2 snd_seq_midi,snd_seq_midi_event
vmwgfx                299008  5
ttm                   102400  1 vmwgfx
snd_seq_device         16384  3 snd_seq,snd_seq_midi,snd_rawmidi
snd_timer              36864  2 snd_seq,snd_pcm
drm_kms_helper        180224  1 vmwgfx
snd                    86016  15 snd_seq,snd_seq_device,snd_timer,snd_ac97_codec,snd_pcm,snd_rawmidi,snd_ens1371
drm                   491520  8 vmwgfx,drm_kms_helper,ttm
soundcore              16384  1 snd
fb_sys_fops            16384  1 drm_kms_helper
syscopyarea            16384  1 drm_kms_helper
sysfillrect            16384  1 drm_kms_helper
sysimgblt              16384  1 drm_kms_helper
vmw_vmci               69632  2 vmw_balloon,vmw_vsock_vmci_transport
mac_hid                16384  0
sch_fq_codel           20480  2
parport_pc             40960  0
ppdev                  24576  0
lp                     20480  0
parport                53248  3 parport_pc,lp,ppdev
ip_tables              32768  0
x_tables               40960  1 ip_tables
autofs4                45056  2
hid_generic            16384  0
usbhid                 53248  0
hid                   126976  2 usbhid,hid_generic
psmouse               151552  0
mptspi                 24576  1
mptscsih               36864  1 mptspi
e1000                 143360  0
mptbase                94208  2 mptspi,mptscsih
ahci                   40960  1
libahci                32768  1 ahci
scsi_transport_spi     32768  1 mptspi
i2c_piix4              28672  0
pata_acpi              16384  0
floppy                 81920  0
＜----------------------------------------------------------------＞
NIC information:
＜----------------------------------------------------------------＞
route information:
＜----------------------------------------------------------------＞
connection information
＜----------------------------------------------------------------＞
ARP information:
＜----------------------------------------------------------------＞
process information:
USER        PID %CPU %MEM    VSZ   RSS TTY      STAT START   TIME COMMAND
root          1  0.5  0.3 225384  6188 ?        Ss   03:56   0:03 /sbin/init auto noprompt
root          2  0.0  0.0      0     0 ?        S    03:56   0:00 [kthreadd]
root          3  0.0  0.0      0     0 ?        I<   03:56   0:00 [rcu_gp]
root          4  0.0  0.0      0     0 ?        I<   03:56   0:00 [rcu_par_gp]
root          6  0.0  0.0      0     0 ?        I<   03:56   0:00 [kworker/0:0H-kb]
root          9  0.0  0.0      0     0 ?        I<   03:56   0:00 [mm_percpu_wq]
root         10  0.1  0.0      0     0 ?        S    03:56   0:00 [ksoftirqd/0]
root         11  0.2  0.0      0     0 ?        I    03:56   0:01 [rcu_sched]
root         12  0.0  0.0      0     0 ?        S    03:56   0:00 [migration/0]
root         13  0.0  0.0      0     0 ?        S    03:56   0:00 [idle_inject/0]
root         14  0.0  0.0      0     0 ?        S    03:56   0:00 [cpuhp/0]
root         15  0.0  0.0      0     0 ?        S    03:56   0:00 [kdevtmpfs]
root         16  0.0  0.0      0     0 ?        I<   03:56   0:00 [netns]
root         17  0.0  0.0      0     0 ?        S    03:56   0:00 [rcu_tasks_kthre]
root         18  0.0  0.0      0     0 ?        S    03:56   0:00 [kauditd]
root         19  0.0  0.0      0     0 ?        S    03:56   0:00 [khungtaskd]
root         20  0.0  0.0      0     0 ?        S    03:56   0:00 [oom_reaper]
root         21  0.0  0.0      0     0 ?        I<   03:56   0:00 [writeback]
root         22  0.0  0.0      0     0 ?        S    03:56   0:00 [kcompactd0]
root         23  0.0  0.0      0     0 ?        SN   03:56   0:00 [ksmd]
root         24  0.0  0.0      0     0 ?        SN   03:56   0:00 [khugepaged]
root        116  0.0  0.0      0     0 ?        I<   03:56   0:00 [kintegrityd]
root        117  0.0  0.0      0     0 ?        I<   03:56   0:00 [kblockd]
root        118  0.0  0.0      0     0 ?        I<   03:56   0:00 [blkcg_punt_bio]
root        119  0.0  0.0      0     0 ?        I<   03:56   0:00 [tpm_dev_wq]
root        120  0.0  0.0      0     0 ?        I<   03:56   0:00 [ata_sff]
root        121  0.0  0.0      0     0 ?        I<   03:56   0:00 [md]
root        122  0.0  0.0      0     0 ?        I<   03:56   0:00 [edac-poller]
root        123  0.0  0.0      0     0 ?        I<   03:56   0:00 [devfreq_wq]
root        124  0.0  0.0      0     0 ?        S    03:56   0:00 [watchdogd]
root        127  0.5  0.0      0     0 ?        S    03:56   0:03 [kswapd0]
root        128  0.0  0.0      0     0 ?        I<   03:56   0:00 [kworker/u257:0]
root        129  0.0  0.0      0     0 ?        S    03:56   0:00 [ecryptfs-kthrea]
root        132  0.0  0.0      0     0 ?        I<   03:56   0:00 [kthrotld]
root        133  0.0  0.0      0     0 ?        S    03:56   0:00 [irq/24-pciehp]
root        134  0.0  0.0      0     0 ?        S    03:56   0:00 [irq/25-pciehp]
root        135  0.0  0.0      0     0 ?        S    03:56   0:00 [irq/26-pciehp]
root        136  0.0  0.0      0     0 ?        S    03:56   0:00 [irq/27-pciehp]
root        137  0.0  0.0      0     0 ?        S    03:56   0:00 [irq/28-pciehp]
root        138  0.0  0.0      0     0 ?        S    03:56   0:00 [irq/29-pciehp]
root        139  0.0  0.0      0     0 ?        S    03:56   0:00 [irq/30-pciehp]
root        140  0.0  0.0      0     0 ?        S    03:56   0:00 [irq/31-pciehp]
root        141  0.0  0.0      0     0 ?        S    03:56   0:00 [irq/32-pciehp]
root        142  0.0  0.0      0     0 ?        S    03:56   0:00 [irq/33-pciehp]
root        143  0.0  0.0      0     0 ?        S    03:56   0:00 [irq/34-pciehp]
root        144  0.0  0.0      0     0 ?        S    03:56   0:00 [irq/35-pciehp]
root        145  0.0  0.0      0     0 ?        S    03:56   0:00 [irq/36-pciehp]
root        146  0.0  0.0      0     0 ?        S    03:56   0:00 [irq/37-pciehp]
root        147  0.0  0.0      0     0 ?        S    03:56   0:00 [irq/38-pciehp]
root        148  0.0  0.0      0     0 ?        S    03:56   0:00 [irq/39-pciehp]
root        149  0.0  0.0      0     0 ?        S    03:56   0:00 [irq/40-pciehp]
root        150  0.0  0.0      0     0 ?        S    03:56   0:00 [irq/41-pciehp]
root        151  0.0  0.0      0     0 ?        S    03:56   0:00 [irq/42-pciehp]
root        152  0.0  0.0      0     0 ?        S    03:56   0:00 [irq/43-pciehp]
root        153  0.0  0.0      0     0 ?        S    03:56   0:00 [irq/44-pciehp]
root        154  0.0  0.0      0     0 ?        S    03:56   0:00 [irq/45-pciehp]
root        155  0.0  0.0      0     0 ?        S    03:56   0:00 [irq/46-pciehp]
root        156  0.0  0.0      0     0 ?        S    03:56   0:00 [irq/47-pciehp]
root        157  0.0  0.0      0     0 ?        S    03:56   0:00 [irq/48-pciehp]
root        158  0.0  0.0      0     0 ?        S    03:56   0:00 [irq/49-pciehp]
root        159  0.0  0.0      0     0 ?        S    03:56   0:00 [irq/50-pciehp]
root        160  0.0  0.0      0     0 ?        S    03:56   0:00 [irq/51-pciehp]
root        161  0.0  0.0      0     0 ?        S    03:56   0:00 [irq/52-pciehp]
root        162  0.0  0.0      0     0 ?        S    03:56   0:00 [irq/53-pciehp]
root        163  0.0  0.0      0     0 ?        S    03:56   0:00 [irq/54-pciehp]
root        164  0.0  0.0      0     0 ?        S    03:56   0:00 [irq/55-pciehp]
root        165  0.0  0.0      0     0 ?        I<   03:56   0:00 [acpi_thermal_pm]
root        166  0.0  0.0      0     0 ?        S    03:56   0:00 [scsi_eh_0]
root        167  0.0  0.0      0     0 ?        I<   03:56   0:00 [scsi_tmf_0]
root        168  0.0  0.0      0     0 ?        S    03:56   0:00 [scsi_eh_1]
root        169  0.0  0.0      0     0 ?        I<   03:56   0:00 [scsi_tmf_1]
root        172  0.0  0.0      0     0 ?        I<   03:56   0:00 [ipv6_addrconf]
root        184  0.0  0.0      0     0 ?        I<   03:56   0:00 [kstrp]
root        203  0.0  0.0      0     0 ?        I<   03:56   0:00 [charger_manager]
root        253  0.0  0.0      0     0 ?        S    03:56   0:00 [scsi_eh_2]
root        254  0.0  0.0      0     0 ?        I<   03:56   0:00 [mpt_poll_0]
root        255  0.0  0.0      0     0 ?        I<   03:56   0:00 [scsi_tmf_2]
root        256  0.0  0.0      0     0 ?        I<   03:56   0:00 [mpt/0]
root        257  0.0  0.0      0     0 ?        S    03:56   0:00 [scsi_eh_3]
root        258  0.0  0.0      0     0 ?        I<   03:56   0:00 [scsi_tmf_3]
root        259  0.0  0.0      0     0 ?        S    03:56   0:00 [scsi_eh_4]
root        260  0.0  0.0      0     0 ?        I<   03:56   0:00 [scsi_tmf_4]
root        261  0.0  0.0      0     0 ?        S    03:56   0:00 [scsi_eh_5]
root        262  0.0  0.0      0     0 ?        I<   03:56   0:00 [scsi_tmf_5]
root        263  0.0  0.0      0     0 ?        S    03:56   0:00 [scsi_eh_6]
root        264  0.0  0.0      0     0 ?        I<   03:56   0:00 [scsi_tmf_6]
root        265  0.0  0.0      0     0 ?        S    03:56   0:00 [scsi_eh_7]
root        266  0.0  0.0      0     0 ?        I<   03:56   0:00 [scsi_tmf_7]
root        267  0.0  0.0      0     0 ?        S    03:56   0:00 [scsi_eh_8]
root        268  0.0  0.0      0     0 ?        I<   03:56   0:00 [scsi_tmf_8]
root        269  0.0  0.0      0     0 ?        S    03:56   0:00 [scsi_eh_9]
root        270  0.0  0.0      0     0 ?        I<   03:56   0:00 [scsi_tmf_9]
root        271  0.0  0.0      0     0 ?        S    03:56   0:00 [scsi_eh_10]
root        272  0.0  0.0      0     0 ?        I<   03:56   0:00 [scsi_tmf_10]
root        273  0.0  0.0      0     0 ?        S    03:56   0:00 [scsi_eh_11]
root        274  0.0  0.0      0     0 ?        I<   03:56   0:00 [scsi_tmf_11]
root        275  0.0  0.0      0     0 ?        S    03:56   0:00 [scsi_eh_12]
root        276  0.0  0.0      0     0 ?        I<   03:56   0:00 [scsi_tmf_12]
root        277  0.0  0.0      0     0 ?        S    03:56   0:00 [scsi_eh_13]
root        278  0.0  0.0      0     0 ?        I<   03:56   0:00 [scsi_tmf_13]
root        279  0.0  0.0      0     0 ?        S    03:56   0:00 [scsi_eh_14]
root        280  0.0  0.0      0     0 ?        I<   03:56   0:00 [scsi_tmf_14]
root        281  0.0  0.0      0     0 ?        S    03:56   0:00 [scsi_eh_15]
root        282  0.0  0.0      0     0 ?        I<   03:56   0:00 [scsi_tmf_15]
root        283  0.0  0.0      0     0 ?        S    03:56   0:00 [scsi_eh_16]
root        284  0.0  0.0      0     0 ?        I<   03:56   0:00 [scsi_tmf_16]
root        285  0.0  0.0      0     0 ?        S    03:56   0:00 [scsi_eh_17]
root        286  0.0  0.0      0     0 ?        I<   03:56   0:00 [scsi_tmf_17]
root        287  0.0  0.0      0     0 ?        S    03:56   0:00 [scsi_eh_18]
root        288  0.0  0.0      0     0 ?        I<   03:56   0:00 [scsi_tmf_18]
root        289  0.0  0.0      0     0 ?        S    03:56   0:00 [scsi_eh_19]
root        290  0.0  0.0      0     0 ?        I<   03:56   0:00 [scsi_tmf_19]
root        291  0.0  0.0      0     0 ?        S    03:56   0:00 [scsi_eh_20]
root        292  0.0  0.0      0     0 ?        I<   03:56   0:00 [scsi_tmf_20]
root        293  0.0  0.0      0     0 ?        S    03:56   0:00 [scsi_eh_21]
root        294  0.0  0.0      0     0 ?        I<   03:56   0:00 [scsi_tmf_21]
root        295  0.0  0.0      0     0 ?        S    03:56   0:00 [scsi_eh_22]
root        296  0.0  0.0      0     0 ?        I<   03:56   0:00 [scsi_tmf_22]
root        297  0.0  0.0      0     0 ?        S    03:56   0:00 [scsi_eh_23]
root        298  0.0  0.0      0     0 ?        I<   03:56   0:00 [scsi_tmf_23]
root        299  0.0  0.0      0     0 ?        S    03:56   0:00 [scsi_eh_24]
root        300  0.0  0.0      0     0 ?        I<   03:56   0:00 [scsi_tmf_24]
root        301  0.0  0.0      0     0 ?        S    03:56   0:00 [scsi_eh_25]
root        302  0.0  0.0      0     0 ?        I<   03:56   0:00 [scsi_tmf_25]
root        303  0.0  0.0      0     0 ?        S    03:56   0:00 [scsi_eh_26]
root        304  0.0  0.0      0     0 ?        I<   03:56   0:00 [scsi_tmf_26]
root        305  0.0  0.0      0     0 ?        S    03:56   0:00 [scsi_eh_27]
root        306  0.0  0.0      0     0 ?        I<   03:56   0:00 [scsi_tmf_27]
root        307  0.0  0.0      0     0 ?        S    03:56   0:00 [scsi_eh_28]
root        308  0.0  0.0      0     0 ?        I<   03:56   0:00 [scsi_tmf_28]
root        309  0.0  0.0      0     0 ?        S    03:56   0:00 [scsi_eh_29]
root        310  0.0  0.0      0     0 ?        I<   03:56   0:00 [scsi_tmf_29]
root        311  0.0  0.0      0     0 ?        S    03:56   0:00 [scsi_eh_30]
root        312  0.0  0.0      0     0 ?        I<   03:56   0:00 [scsi_tmf_30]
root        313  0.0  0.0      0     0 ?        S    03:56   0:00 [scsi_eh_31]
root        314  0.0  0.0      0     0 ?        I<   03:56   0:00 [scsi_tmf_31]
root        337  0.0  0.0      0     0 ?        I    03:56   0:00 [kworker/u256:27]
root        338  0.2  0.0      0     0 ?        I    03:56   0:01 [kworker/u256:28]
root        339  0.0  0.0      0     0 ?        I    03:56   0:00 [kworker/u256:29]
root        341  0.0  0.0      0     0 ?        S    03:56   0:00 [scsi_eh_32]
root        342  0.0  0.0      0     0 ?        I<   03:56   0:00 [scsi_tmf_32]
root        344  0.4  0.0      0     0 ?        I<   03:56   0:02 [kworker/0:1H-kb]
root        376  0.0  0.0      0     0 ?        S    03:56   0:00 [jbd2/sda1-8]
root        377  0.0  0.0      0     0 ?        I<   03:56   0:00 [ext4-rsv-conver]
root        409  0.2  0.3 103444  7368 ?        S<s  03:56   0:01 /lib/systemd/systemd-journald
root        431  0.0  0.0      0     0 ?        I    03:56   0:00 [kworker/0:4-eve]
root        433  0.0  0.1  46588  2912 ?        Ss   03:56   0:00 /lib/systemd/systemd-udevd
root        438  0.0  0.0      0     0 ?        S<   03:56   0:00 [loop0]
root        439  0.0  0.0      0     0 ?        S<   03:56   0:00 [loop1]
root        442  0.0  0.0      0     0 ?        S<   03:56   0:00 [loop2]
root        444  0.0  0.0      0     0 ?        S<   03:56   0:00 [loop3]
root        445  0.0  0.0      0     0 ?        S<   03:56   0:00 [loop4]
root        447  0.0  0.0      0     0 ?        S<   03:56   0:00 [loop5]
root        450  0.0  0.0      0     0 ?        S<   03:56   0:00 [loop6]
root        452  0.0  0.0      0     0 ?        S<   03:56   0:00 [loop7]
root        465  0.0  0.0      0     0 ?        S<   03:56   0:00 [loop8]
root        468  0.0  0.0      0     0 ?        S<   03:56   0:00 [loop9]
root        476  0.0  0.0      0     0 ?        S<   03:56   0:00 [loop10]
root        478  0.0  0.0      0     0 ?        S<   03:56   0:00 [loop11]
root        480  0.0  0.0      0     0 ?        S<   03:56   0:00 [loop12]
root        482  0.0  0.0      0     0 ?        S<   03:56   0:00 [loop13]
root        483  0.0  0.0      0     0 ?        S<   03:56   0:00 [loop14]
root        484  0.0  0.0      0     0 ?        S<   03:56   0:00 [loop15]
systemd+    546  0.0  0.1  70768  3324 ?        Ss   03:56   0:00 /lib/systemd/systemd-resolved
systemd+    547  0.0  0.0 146112   800 ?        Ssl  03:56   0:00 /lib/systemd/systemd-timesyncd
root        587  0.1  0.0      0     0 ?        I    03:56   0:00 [kworker/0:5-eve]
root        592  0.0  0.2 577168  5420 ?        Ssl  03:56   0:00 /usr/lib/udisks2/udisksd
root        597  0.0  0.1 434324  3444 ?        Ssl  03:56   0:00 /usr/sbin/ModemManager --filter-policy=strict
root        606  0.0  0.3 177636  7044 ?        Ssl  03:56   0:00 /usr/bin/python3 /usr/bin/networkd-dispatcher --run-startup-triggers
root        610  0.0  0.1  38424  2420 ?        Ss   03:56   0:00 /usr/sbin/cron -f
message+    612  0.2  0.2  51728  4972 ?        Ss   03:56   0:01 /usr/bin/dbus-daemon --system --address=systemd: --nofork --nopidfile --systemd-activation --syslog-only
root        622  0.0  0.1  45228  2828 ?        Ss   03:56   0:00 /sbin/wpa_supplicant -u -s -O /run/wpa_supplicant
root        625  0.1  0.3 565684  6612 ?        Ssl  03:56   0:00 /usr/sbin/NetworkManager --no-daemon
root        627  0.0  0.1  70760  3168 ?        Ss   03:56   0:00 /lib/systemd/systemd-logind
syslog      628  0.0  0.0 263032  1896 ?        Ssl  03:56   0:00 /usr/sbin/rsyslogd -n
root        630  0.6  0.7 688520 14284 ?        Ssl  03:56   0:03 /usr/lib/snapd/snapd
avahi       639  0.0  0.1  47252  2280 ?        Ss   03:56   0:00 avahi-daemon: running [ubuntu.local]
root        644  0.0  0.2 294740  4260 ?        Ssl  03:56   0:00 /usr/lib/accountsservice/accounts-daemon
root        647  0.0  0.0   4548   652 ?        Ss   03:56   0:00 /usr/sbin/acpid
avahi       648  0.0  0.0  47072    28 ?        S    03:56   0:00 avahi-daemon: chroot helper
root        688  0.1  0.3 303492  7528 ?        Ssl  03:56   0:00 /usr/lib/policykit-1/polkitd --no-debug
root        713  0.0  0.4 194356  8788 ?        Ssl  03:56   0:00 /usr/bin/python3 /usr/share/unattended-upgrades/unattended-upgrade-shutdown --wait-for-signal
root        729  0.0  0.2 308188  4496 ?        Ssl  03:56   0:00 /usr/sbin/gdm3
root        932  0.0  0.2 387844  4292 ?        Ssl  03:56   0:00 /usr/lib/upower/upowerd
root       1020  0.0  0.0      0     0 ?        S    03:56   0:00 [irq/16-vmwgfx]
root       1028  0.0  0.0      0     0 ?        I<   03:56   0:00 [ttm_swap]
root       1058  0.0  0.2 261552  4072 ?        Sl   03:56   0:00 gdm-session-worker [pam/gdm-launch-environment]
root       1070  0.0  0.0 266988   140 ?        Ssl  03:56   0:00 /usr/sbin/vmware-vmblock-fuse -o subtype=vmware-vmblock,default_permissions,allow_other /var/run/vmblock-fuse
gdm        1078  0.0  0.1  77048  3780 ?        Ss   03:56   0:00 /lib/systemd/systemd --user
gdm        1087  0.0  0.0 113992   272 ?        S    03:56   0:00 (sd-pam)
gdm        1104  0.0  0.2 212132  4152 tty1     Ssl+ 03:56   0:00 /usr/lib/gdm3/gdm-x-session gnome-session --autostart /usr/share/gdm/greeter/autostart
gdm        1106  0.1  0.8 365236 17676 tty1     Sl+  03:56   0:00 /usr/lib/xorg/Xorg vt1 -displayfd 3 -auth /run/user/121/gdm/Xauthority -background none -noreset -keeptty -verbose 3
root       1118  0.2  0.3 194312  6832 ?        Sl   03:56   0:01 /usr/sbin/vmtoolsd
root       1185  0.0  0.2  67380  5600 ?        S    03:56   0:00 /usr/lib/vmware-vgauth/VGAuthService -s
root       1266  0.1  0.3 508344  6288 ?        Sl   03:56   0:00 //usr/lib/vmware-caf/pme/bin/ManagementAgentHost
whoopsie   1268  0.0  0.3 464308  6972 ?        Ssl  03:56   0:00 /usr/bin/whoopsie -f
kernoops   1271  0.0  0.0  56940   420 ?        Ss   03:56   0:00 /usr/sbin/kerneloops --test
kernoops   1273  0.0  0.1  56940  2056 ?        Ss   03:56   0:00 /usr/sbin/kerneloops
gdm        1295  0.0  0.1  50264  3352 ?        Ss   03:56   0:00 /usr/bin/dbus-daemon --session --address=systemd: --nofork --nopidfile --systemd-activation --syslog-only
gdm        1313  0.0  0.4 632704  8080 tty1     Sl+  03:56   0:00 /usr/lib/gnome-session/gnome-session-binary --autostart /usr/share/gdm/greeter/autostart
gdm        1368  0.0  0.2 349284  4856 ?        Ssl  03:56   0:00 /usr/lib/at-spi2-core/at-spi-bus-launcher
gdm        1373  0.0  0.1  49920  2936 ?        S    03:56   0:00 /usr/bin/dbus-daemon --config-file=/usr/share/defaults/at-spi2/accessibility.conf --nofork --print-address 3
gdm        1376  0.0  0.2 220708  5040 ?        Sl   03:56   0:00 /usr/lib/at-spi2-core/at-spi2-registryd --use-gnome-session
root       1377  0.0  0.0      0     0 ?        I<   03:56   0:00 [cryptd]
gdm        1414  1.1  6.9 2929144 139668 tty1   Sl+  03:56   0:06 /usr/bin/gnome-shell
gdm        1482  0.2  0.4 1324460 8416 ?        Ssl  03:56   0:01 /usr/bin/pulseaudio --daemonize=no
rtkit      1484  0.0  0.1 183504  2532 ?        SNsl 03:56   0:00 /usr/lib/rtkit/rtkit-daemon
gdm        1500  0.0  0.2 435096  5796 tty1     Sl   03:56   0:00 ibus-daemon --xim --panel disable
gdm        1503  0.0  0.2 280744  4704 tty1     Sl   03:56   0:00 /usr/lib/ibus/ibus-dconf
gdm        1505  0.0  0.6 344116 13180 tty1     Sl   03:56   0:00 /usr/lib/ibus/ibus-x11 --kill-daemon
gdm        1508  0.0  0.2 278688  4224 ?        Sl   03:56   0:00 /usr/lib/ibus/ibus-portal
gdm        1519  0.0  0.1 271560  3788 ?        Ssl  03:56   0:00 /usr/libexec/xdg-permission-store
root       1526  0.0  0.2 296872  4892 ?        Ssl  03:56   0:00 /usr/lib/x86_64-linux-gnu/boltd
root       1534  3.1  2.0 448104 42004 ?        Ssl  03:56   0:17 /usr/lib/packagekit/packagekitd
gdm        1535  0.0  0.6 494544 13696 tty1     Sl+  03:56   0:00 /usr/lib/gnome-settings-daemon/gsd-xsettings
gdm        1538  0.0  0.2 278156  4472 tty1     Sl+  03:56   0:00 /usr/lib/gnome-settings-daemon/gsd-a11y-settings
gdm        1541  0.0  0.6 343716 12828 tty1     Sl+  03:56   0:00 /usr/lib/gnome-settings-daemon/gsd-clipboard
gdm        1542  0.0  0.6 658900 13352 tty1     Sl+  03:56   0:00 /usr/lib/gnome-settings-daemon/gsd-color
gdm        1545  0.0  0.3 393716  7524 tty1     Sl+  03:56   0:00 /usr/lib/gnome-settings-daemon/gsd-datetime
gdm        1547  0.0  0.1 283740  3756 tty1     Sl+  03:56   0:00 /usr/lib/gnome-settings-daemon/gsd-housekeeping
gdm        1548  0.0  0.6 506636 13420 tty1     Sl+  03:56   0:00 /usr/lib/gnome-settings-daemon/gsd-keyboard
gdm        1550  0.0  0.6 792904 13540 tty1     Sl+  03:56   0:00 /usr/lib/gnome-settings-daemon/gsd-media-keys
gdm        1553  0.0  0.1 201996  3220 tty1     Sl+  03:56   0:00 /usr/lib/gnome-settings-daemon/gsd-mouse
gdm        1554  0.0  0.6 591096 13728 tty1     Sl+  03:56   0:00 /usr/lib/gnome-settings-daemon/gsd-power
gdm        1556  0.0  0.2 267008  5116 tty1     Sl+  03:56   0:00 /usr/lib/gnome-settings-daemon/gsd-print-notifications
gdm        1559  0.0  0.1 202016  3340 tty1     Sl+  03:56   0:00 /usr/lib/gnome-settings-daemon/gsd-rfkill
gdm        1561  0.0  0.1 275732  3736 tty1     Sl+  03:56   0:00 /usr/lib/gnome-settings-daemon/gsd-screensaver-proxy
gdm        1564  0.0  0.2 305244  4412 tty1     Sl+  03:56   0:00 /usr/lib/gnome-settings-daemon/gsd-sharing
gdm        1568  0.0  0.2 377932  5112 tty1     Sl+  03:56   0:00 /usr/lib/gnome-settings-daemon/gsd-smartcard
gdm        1571  0.0  0.2 332860  5248 tty1     Sl+  03:56   0:00 /usr/lib/gnome-settings-daemon/gsd-sound
gdm        1574  0.0  0.6 428240 12516 tty1     Sl+  03:56   0:00 /usr/lib/gnome-settings-daemon/gsd-wacom
colord     1600  0.0  0.5 324868 10036 ?        Ssl  03:56   0:00 /usr/lib/colord/colord
gdm        1628  0.0  0.2 204888  4160 tty1     Sl   03:56   0:00 /usr/lib/ibus/ibus-engine-simple
root       1705  0.0  0.2 267744  5320 ?        Sl   04:01   0:00 gdm-session-worker [pam/gdm-password]
chaos      1709  0.1  0.2  77068  5484 ?        Ss   04:01   0:00 /lib/systemd/systemd --user
chaos      1710  0.0  0.0 195920  1564 ?        S    04:01   0:00 (sd-pam)
chaos      1723  0.0  0.2 288352  4440 ?        Sl   04:01   0:00 /usr/bin/gnome-keyring-daemon --daemonize --login
chaos      1727  0.0  0.2 212132  4564 tty2     Ssl+ 04:01   0:00 /usr/lib/gdm3/gdm-x-session --run-script env GNOME_SHELL_SESSION_MODE=ubuntu gnome-session --session=ubuntu
chaos      1729  1.7  2.8 483344 57356 tty2     Sl+  04:01   0:04 /usr/lib/xorg/Xorg vt2 -displayfd 3 -auth /run/user/1000/gdm/Xauthority -background none -noreset -keeptty -verbose 3
chaos      1734  0.2  0.3  52700  6248 ?        Ss   04:01   0:00 /usr/bin/dbus-daemon --session --address=systemd: --nofork --nopidfile --systemd-activation --syslog-only
chaos      1738  0.1  0.5 641428 11036 tty2     Sl+  04:01   0:00 /usr/lib/gnome-session/gnome-session-binary --session=ubuntu
chaos      1833  0.0  0.0  11300   316 ?        Ss   04:01   0:00 /usr/bin/ssh-agent /usr/bin/im-launch env GNOME_SHELL_SESSION_MODE=ubuntu gnome-session --session=ubuntu
chaos      1835  0.0  0.2 349288  4904 ?        Ssl  04:01   0:00 /usr/lib/at-spi2-core/at-spi-bus-launcher
chaos      1840  0.0  0.1  49920  2892 ?        S    04:01   0:00 /usr/bin/dbus-daemon --config-file=/usr/share/defaults/at-spi2/accessibility.conf --nofork --print-address 3
chaos      1843  0.0  0.2 220708  5048 ?        Sl   04:01   0:00 /usr/lib/at-spi2-core/at-spi2-registryd --use-gnome-session
chaos      1860  6.7  6.7 2937336 135108 tty2   Sl+  04:01   0:19 /usr/bin/gnome-shell
chaos      1867  0.0  0.2 291972  4728 ?        Ssl  04:01   0:00 /usr/lib/gvfs/gvfsd
chaos      1872  0.0  0.2 424444  4428 ?        Sl   04:01   0:00 /usr/lib/gvfs/gvfsd-fuse /run/user/1000/gvfs -f -o big_writes
chaos      1883  0.6  0.4 1341144 8476 ?        S<l  04:01   0:01 /usr/bin/pulseaudio --start --log-target=syslog
root       2017  0.0  0.2 107696  4496 ?        Ss   04:01   0:00 /usr/sbin/cupsd -l
root       2019  0.0  0.2 303660  5556 ?        Ssl  04:01   0:00 /usr/sbin/cups-browsed
chaos      2026  0.0  0.3 361484  6140 tty2     Sl   04:01   0:00 ibus-daemon --xim --panel disable
chaos      2034  0.0  0.2 280744  4748 tty2     Sl   04:01   0:00 /usr/lib/ibus/ibus-dconf
chaos      2036  0.1  0.6 344116 13164 tty2     Sl   04:01   0:00 /usr/lib/ibus/ibus-x11 --kill-daemon
chaos      2038  0.0  0.2 278688  4128 ?        Sl   04:01   0:00 /usr/lib/ibus/ibus-portal
chaos      2055  0.0  0.1 271560  3740 ?        Ssl  04:01   0:00 /usr/libexec/xdg-permission-store
chaos      2061  0.0  0.4 616036  8468 ?        Sl   04:01   0:00 /usr/lib/gnome-shell/gnome-shell-calendar-server
chaos      2065  0.1  0.5 765924 10796 ?        Ssl  04:01   0:00 /usr/lib/evolution/evolution-source-registry
chaos      2074  0.1  0.6 857480 12476 ?        Sl   04:01   0:00 /usr/lib/gnome-online-accounts/goa-daemon
chaos      2083  0.0  0.1 187904  3988 ?        Sl   04:01   0:00 /usr/lib/dconf/dconf-service
chaos      2086  0.0  0.2 380172  4840 ?        Ssl  04:01   0:00 /usr/lib/gvfs/gvfs-udisks2-volume-monitor
chaos      2097  0.0  0.2 377092  4404 ?        Sl   04:01   0:00 /usr/lib/gnome-online-accounts/goa-identity-service
chaos      2098  0.0  0.2 378820  4812 ?        Ssl  04:01   0:00 /usr/lib/gvfs/gvfs-afc-volume-monitor
chaos      2103  0.0  0.2 288656  5064 ?        Ssl  04:01   0:00 /usr/lib/gvfs/gvfs-gphoto2-volume-monitor
chaos      2111  0.0  0.2 274044  4432 ?        Ssl  04:01   0:00 /usr/lib/gvfs/gvfs-goa-volume-monitor
chaos      2115  0.0  0.1 275868  3564 ?        Ssl  04:01   0:00 /usr/lib/gvfs/gvfs-mtp-volume-monitor
chaos      2119  0.1  0.7 517260 15232 tty2     Sl+  04:01   0:00 /usr/lib/gnome-settings-daemon/gsd-power
chaos      2120  0.0  0.2 349328  5652 tty2     Sl+  04:01   0:00 /usr/lib/gnome-settings-daemon/gsd-print-notifications
chaos      2122  0.0  0.2 423344  4380 tty2     Sl+  04:01   0:00 /usr/lib/gnome-settings-daemon/gsd-rfkill
chaos      2123  0.0  0.1 275732  3444 tty2     Sl+  04:01   0:00 /usr/lib/gnome-settings-daemon/gsd-screensaver-proxy
chaos      2124  0.0  0.2 452832  5364 tty2     Sl+  04:01   0:00 /usr/lib/gnome-settings-daemon/gsd-sharing
chaos      2125  0.0  0.1 377932  3992 tty2     Sl+  04:01   0:00 /usr/lib/gnome-settings-daemon/gsd-smartcard
chaos      2126  0.1  0.7 494584 14252 tty2     Sl+  04:01   0:00 /usr/lib/gnome-settings-daemon/gsd-xsettings
chaos      2127  0.1  0.6 428480 13208 tty2     Sl+  04:01   0:00 /usr/lib/gnome-settings-daemon/gsd-wacom
chaos      2130  0.0  0.2 332856  5256 tty2     Sl+  04:01   0:00 /usr/lib/gnome-settings-daemon/gsd-sound
chaos      2140  0.1  0.6 343652 12848 tty2     Sl+  04:01   0:00 /usr/lib/gnome-settings-daemon/gsd-clipboard
chaos      2145  0.0  0.2 278148  4320 tty2     Sl+  04:01   0:00 /usr/lib/gnome-settings-daemon/gsd-a11y-settings
chaos      2146  0.0  0.3 469740  7368 tty2     Sl+  04:01   0:00 /usr/lib/gnome-settings-daemon/gsd-datetime
chaos      2152  0.1  0.7 658792 14828 tty2     Sl+  04:01   0:00 /usr/lib/gnome-settings-daemon/gsd-color
chaos      2154  0.1  0.6 506528 13432 tty2     Sl+  04:01   0:00 /usr/lib/gnome-settings-daemon/gsd-keyboard
chaos      2156  0.0  0.2 364452  4880 tty2     Sl+  04:01   0:00 /usr/lib/gnome-settings-daemon/gsd-housekeeping
chaos      2158  0.0  0.2 278160  4240 tty2     Sl+  04:01   0:00 /usr/lib/gnome-settings-daemon/gsd-mouse
chaos      2159  0.1  0.6 793088 13912 tty2     Sl+  04:01   0:00 /usr/lib/gnome-settings-daemon/gsd-media-keys
chaos      2180  0.0  0.3 508768  6580 tty2     Sl+  04:01   0:00 /usr/lib/gnome-settings-daemon/gsd-printer
chaos      2230  0.0  0.2 271932  4912 tty2     Sl+  04:01   0:00 /usr/lib/gnome-disk-utility/gsd-disk-utility-notify
chaos      2231  1.2  2.0 830652 41940 tty2     Sl+  04:01   0:03 nautilus-desktop
chaos      2232  0.4  0.9 277984 19632 tty2     Sl+  04:01   0:01 /usr/lib/vmware-tools/sbin64/vmtoolsd -n vmusr --blockFd 3
chaos      2263  0.0  0.2 368232  4744 ?        Sl   04:01   0:00 /usr/lib/gvfs/gvfsd-trash --spawner :1.13 /org/gtk/gvfs/exec_spaw/0
chaos      2463  0.2  2.3 892160 47548 ?        Ssl  04:01   0:00 /usr/lib/evolution/evolution-calendar-factory
chaos      2474  0.5  2.2 930960 45412 ?        Sl   04:01   0:01 /usr/lib/evolution/evolution-calendar-factory-subprocess --factory all --bus-name org.gnome.evolution.dataserver.Subprocess.Backend.Calendarx2463x2 --own-path /org/gnome/evolution/dataserver/Subprocess/Backend/Calendar/2463/2
chaos      2481  0.0  0.2 204888  4612 tty2     Sl   04:01   0:00 /usr/lib/ibus/ibus-engine-simple
chaos      2519  0.0  0.4 732688  9676 ?        Ssl  04:01   0:00 /usr/lib/evolution/evolution-addressbook-factory
chaos      2526  0.0  0.4 886116  9436 ?        Sl   04:01   0:00 /usr/lib/evolution/evolution-addressbook-factory-subprocess --factory all --bus-name org.gnome.evolution.dataserver.Subprocess.Backend.AddressBookx2519x2 --own-path /org/gnome/evolution/dataserver/Subprocess/Backend/AddressBook/2519/2
root       2579  0.0  0.0      0     0 ?        I    04:02   0:00 [kworker/0:0-cgr]
root       2580  0.0  0.0      0     0 ?        I    04:02   0:00 [kworker/0:1-cgr]
root       2634  0.0  0.0  14576   644 ?        Ss   04:02   0:00 /usr/sbin/anacron -dsq
root       2691  0.0  0.2  25988  4780 ?        S    04:02   0:00 /sbin/dhclient -d -q -sf /usr/lib/NetworkManager/nm-dhcp-helper -pf /run/dhclient-ens33.pid -lf /var/lib/NetworkManager/dhclient-a7d4a0f2-0a9b-367c-a035-b7305f772e7b-ens33.lease -cf /var/lib/NetworkManager/dhclient-ens33.conf ens33
chaos      2692  0.2  1.1 646268 22928 tty2     Sl+  04:02   0:00 update-notifier
chaos      2700  4.6  7.1 1078652 143132 tty2   SLl+ 04:02   0:09 /usr/bin/gnome-software --gapplication-service
root       3141  0.1  0.4 571116  9132 ?        Ssl  04:02   0:00 /usr/lib/fwupd/fwupd
chaos      3158  0.5  1.2 801024 24188 ?        Ssl  04:02   0:01 /usr/lib/gnome-terminal/gnome-terminal-server
chaos      3169  0.0  0.2  29548  4236 pts/0    Ss   04:02   0:00 bash
chaos      3348  0.2  0.9 797096 18312 tty2     Sl+  04:03   0:00 /usr/lib/deja-dup/deja-dup-monitor
root       3394  0.0  0.0   4624   860 ?        Ss   04:04   0:00 /bin/sh /usr/lib/apt/apt.systemd.daily install
root       3398  0.0  0.0   4624  1668 ?        S    04:04   0:00 /bin/sh /usr/lib/apt/apt.systemd.daily lock_is_held install
root       3429 17.0  7.5 469540 151616 ?       Sl   04:04   0:18 /usr/bin/python3 /usr/bin/unattended-upgrade
chaos      4182  3.8  2.3 929036 46684 ?        Sl   04:05   0:02 /usr/bin/nautilus --gapplication-service
root       4425  0.7  6.8 469540 138264 ?       S    04:05   0:00 /usr/bin/python3 /usr/bin/unattended-upgrade
root       4459  0.0  0.3  30428  7216 pts/1    Ss+  04:05   0:00 /usr/bin/dpkg --status-fd 12 --configure --pending
root       4460  0.0  0.0   4624   792 pts/1    S+   04:05   0:00 /bin/sh /var/lib/dpkg/info/linux-firmware.postinst configure 1.173.17
root       4461  0.0  0.0   4624   768 pts/1    S+   04:05   0:00 /bin/sh /usr/sbin/update-initramfs -u -k all
root       9719  0.0  0.0   4624  1748 pts/1    S+   04:05   0:00 /bin/sh /usr/sbin/update-initramfs -u -k 5.3.0-45-generic -b /boot -t
root       9724  0.2  0.0   4876  2000 pts/1    S+   04:05   0:00 /bin/sh /usr/sbin/mkinitramfs -o /boot/initrd.img-5.3.0-45-generic.new 5.3.0-45-generic
root      14935  0.0  0.0   4876   368 pts/1    S+   04:06   0:00 /bin/sh /usr/sbin/mkinitramfs -o /boot/initrd.img-5.3.0-45-generic.new 5.3.0-45-generic
root      14937  0.0  0.0   4876   368 pts/1    S+   04:06   0:00 /bin/sh /usr/sbin/mkinitramfs -o /boot/initrd.img-5.3.0-45-generic.new 5.3.0-45-generic
root      14939  0.0  0.0   4876   368 pts/1    S+   04:06   0:00 /bin/sh /usr/sbin/mkinitramfs -o /boot/initrd.img-5.3.0-45-generic.new 5.3.0-45-generic
root      14940 57.8  0.0   4780  1632 pts/1    R+   04:06   0:02 gzip
root      14941  4.8  0.0  14692   804 pts/1    S+   04:06   0:00 cpio --quiet -o -H newc
chaos     14943  0.7  0.4  36820  9336 pts/0    S+   04:06   0:00 python3 /home/chaos/Downloads/hwk6.py
chaos     15299  0.0  0.0   4624   812 pts/0    S+   04:06   0:00 sh -c (echo process information: && ps -aux) >> test.log
chaos     15300  0.0  0.1  46768  3544 pts/0    R+   04:06   0:00 ps -aux
＜----------------------------------------------------------------＞
the live data collection has finished
date:
Tue May 12 04:07:27 PDT 2020
＜----------------------------------------------------------------＞
os version:
Ubuntu 18.04.4 LTS \n \l

＜----------------------------------------------------------------＞
cpu information:
processor	: 0
vendor_id	: GenuineIntel
cpu family	: 6
model		: 142
model name	: Intel(R) Core(TM) i7-7500U CPU @ 2.70GHz
stepping	: 9
microcode	: 0xb4
cpu MHz		: 2903.998
cache size	: 4096 KB
physical id	: 0
siblings	: 1
core id		: 0
cpu cores	: 1
apicid		: 0
initial apicid	: 0
fpu		: yes
fpu_exception	: yes
cpuid level	: 22
wp		: yes
flags		: fpu vme de pse tsc msr pae mce cx8 apic sep mtrr pge mca cmov pat pse36 clflush mmx fxsr sse sse2 ss syscall nx pdpe1gb rdtscp lm constant_tsc arch_perfmon nopl xtopology tsc_reliable nonstop_tsc cpuid pni pclmulqdq ssse3 fma cx16 pcid sse4_1 sse4_2 x2apic movbe popcnt tsc_deadline_timer xsave avx f16c rdrand hypervisor lahf_lm abm 3dnowprefetch cpuid_fault invpcid_single pti ssbd ibrs ibpb stibp fsgsbase tsc_adjust bmi1 avx2 smep bmi2 invpcid rdseed adx smap clflushopt xsaveopt xsavec xsaves arat md_clear flush_l1d arch_capabilities
bugs		: cpu_meltdown spectre_v1 spectre_v2 spec_store_bypass l1tf mds swapgs itlb_multihit
bogomips	: 5807.99
clflush size	: 64
cache_alignment	: 64
address sizes	: 43 bits physical, 48 bits virtual
power management:

＜----------------------------------------------------------------＞
memory information:
MemTotal:        2005968 kB
MemFree:          239852 kB
MemAvailable:     724972 kB
Buffers:           38176 kB
Cached:           562088 kB
SwapCached:         6020 kB
Active:           720852 kB
Inactive:         668172 kB
Active(anon):     325620 kB
Inactive(anon):   481348 kB
Active(file):     395232 kB
Inactive(file):   186824 kB
Unevictable:          16 kB
Mlocked:              16 kB
SwapTotal:        969960 kB
SwapFree:         909288 kB
Dirty:               232 kB
Writeback:             0 kB
AnonPages:        785112 kB
Mapped:           114092 kB
Shmem:             18208 kB
KReclaimable:      69052 kB
Slab:             127260 kB
SReclaimable:      69052 kB
SUnreclaim:        58208 kB
KernelStack:       11980 kB
PageTables:        40256 kB
NFS_Unstable:          0 kB
Bounce:                0 kB
WritebackTmp:          0 kB
CommitLimit:     1972944 kB
Committed_AS:    4494420 kB
VmallocTotal:   34359738367 kB
VmallocUsed:       24780 kB
VmallocChunk:          0 kB
Percpu:            43008 kB
HardwareCorrupted:     0 kB
AnonHugePages:         0 kB
ShmemHugePages:        0 kB
ShmemPmdMapped:        0 kB
CmaTotal:              0 kB
CmaFree:               0 kB
HugePages_Total:       0
HugePages_Free:        0
HugePages_Rsvd:        0
HugePages_Surp:        0
Hugepagesize:       2048 kB
Hugetlb:               0 kB
DirectMap4k:      186240 kB
DirectMap2M:     1910784 kB
DirectMap1G:           0 kB
＜----------------------------------------------------------------＞
disk information:
Disk /dev/loop0: 55 MiB, 57614336 bytes, 112528 sectors
Units: sectors of 1 * 512 = 512 bytes
Sector size (logical/physical): 512 bytes / 512 bytes
I/O size (minimum/optimal): 512 bytes / 512 bytes


Disk /dev/loop1: 54.7 MiB, 57294848 bytes, 111904 sectors
Units: sectors of 1 * 512 = 512 bytes
Sector size (logical/physical): 512 bytes / 512 bytes
I/O size (minimum/optimal): 512 bytes / 512 bytes


Disk /dev/loop2: 2.4 MiB, 2531328 bytes, 4944 sectors
Units: sectors of 1 * 512 = 512 bytes
Sector size (logical/physical): 512 bytes / 512 bytes
I/O size (minimum/optimal): 512 bytes / 512 bytes


Disk /dev/loop3: 956 KiB, 978944 bytes, 1912 sectors
Units: sectors of 1 * 512 = 512 bytes
Sector size (logical/physical): 512 bytes / 512 bytes
I/O size (minimum/optimal): 512 bytes / 512 bytes


Disk /dev/loop4: 3.7 MiB, 3862528 bytes, 7544 sectors
Units: sectors of 1 * 512 = 512 bytes
Sector size (logical/physical): 512 bytes / 512 bytes
I/O size (minimum/optimal): 512 bytes / 512 bytes


Disk /dev/loop5: 956 KiB, 978944 bytes, 1912 sectors
Units: sectors of 1 * 512 = 512 bytes
Sector size (logical/physical): 512 bytes / 512 bytes
I/O size (minimum/optimal): 512 bytes / 512 bytes


Disk /dev/loop6: 242.4 MiB, 254193664 bytes, 496472 sectors
Units: sectors of 1 * 512 = 512 bytes
Sector size (logical/physical): 512 bytes / 512 bytes
I/O size (minimum/optimal): 512 bytes / 512 bytes


Disk /dev/loop7: 62.1 MiB, 65105920 bytes, 127160 sectors
Units: sectors of 1 * 512 = 512 bytes
Sector size (logical/physical): 512 bytes / 512 bytes
I/O size (minimum/optimal): 512 bytes / 512 bytes




Disk /dev/sda: 20 GiB, 21474836480 bytes, 41943040 sectors
Units: sectors of 1 * 512 = 512 bytes
Sector size (logical/physical): 512 bytes / 512 bytes
I/O size (minimum/optimal): 512 bytes / 512 bytes
Disklabel type: dos
Disk identifier: 0xf75fc057

Device     Boot Start      End  Sectors Size Id Type
/dev/sda1  *     2048 41940991 41938944  20G 83 Linux


Disk /dev/loop8: 160.2 MiB, 167931904 bytes, 327992 sectors
Units: sectors of 1 * 512 = 512 bytes
Sector size (logical/physical): 512 bytes / 512 bytes
I/O size (minimum/optimal): 512 bytes / 512 bytes


Disk /dev/loop9: 93.8 MiB, 98336768 bytes, 192064 sectors
Units: sectors of 1 * 512 = 512 bytes
Sector size (logical/physical): 512 bytes / 512 bytes
I/O size (minimum/optimal): 512 bytes / 512 bytes


Disk /dev/loop10: 3.7 MiB, 3825664 bytes, 7472 sectors
Units: sectors of 1 * 512 = 512 bytes
Sector size (logical/physical): 512 bytes / 512 bytes
I/O size (minimum/optimal): 512 bytes / 512 bytes


Disk /dev/loop11: 14.8 MiB, 15466496 bytes, 30208 sectors
Units: sectors of 1 * 512 = 512 bytes
Sector size (logical/physical): 512 bytes / 512 bytes
I/O size (minimum/optimal): 512 bytes / 512 bytes


Disk /dev/loop12: 93.9 MiB, 98484224 bytes, 192352 sectors
Units: sectors of 1 * 512 = 512 bytes
Sector size (logical/physical): 512 bytes / 512 bytes
I/O size (minimum/optimal): 512 bytes / 512 bytes


Disk /dev/loop13: 48.3 MiB, 50642944 bytes, 98912 sectors
Units: sectors of 1 * 512 = 512 bytes
Sector size (logical/physical): 512 bytes / 512 bytes
I/O size (minimum/optimal): 512 bytes / 512 bytes


Disk /dev/loop14: 14.8 MiB, 15462400 bytes, 30200 sectors
Units: sectors of 1 * 512 = 512 bytes
Sector size (logical/physical): 512 bytes / 512 bytes
I/O size (minimum/optimal): 512 bytes / 512 bytes


Disk /dev/loop15: 4.3 MiB, 4464640 bytes, 8720 sectors
Units: sectors of 1 * 512 = 512 bytes
Sector size (logical/physical): 512 bytes / 512 bytes
I/O size (minimum/optimal): 512 bytes / 512 bytes
Filesystem      Size  Used Avail Use% Mounted on
udev            956M     0  956M   0% /dev
tmpfs           196M  1.8M  195M   1% /run
/dev/sda1        20G  7.2G   12G  39% /
tmpfs           980M     0  980M   0% /dev/shm
tmpfs           5.0M  4.0K  5.0M   1% /run/lock
tmpfs           980M     0  980M   0% /sys/fs/cgroup
/dev/loop0       55M   55M     0 100% /snap/core18/1705
/dev/loop1       55M   55M     0 100% /snap/core18/1668
/dev/loop2      2.5M  2.5M     0 100% /snap/gnome-calculator/730
/dev/loop3      1.0M  1.0M     0 100% /snap/gnome-logs/81
/dev/loop4      3.8M  3.8M     0 100% /snap/gnome-system-monitor/135
/dev/loop5      1.0M  1.0M     0 100% /snap/gnome-logs/93
/dev/loop6      243M  243M     0 100% /snap/gnome-3-34-1804/27
/dev/loop7       63M   63M     0 100% /snap/gtk-common-themes/1506
/dev/loop8      161M  161M     0 100% /snap/gnome-3-28-1804/116
/dev/loop9       94M   94M     0 100% /snap/core/8935
/dev/loop10     3.8M  3.8M     0 100% /snap/gnome-system-monitor/127
/dev/loop11      15M   15M     0 100% /snap/gnome-characters/495
/dev/loop12      94M   94M     0 100% /snap/core/9066
/dev/loop13      49M   49M     0 100% /snap/gtk-common-themes/1474
/dev/loop14      15M   15M     0 100% /snap/gnome-characters/399
/dev/loop15     4.4M  4.4M     0 100% /snap/gnome-calculator/704
tmpfs           196M   12K  196M   1% /run/user/121
tmpfs           196M   32K  196M   1% /run/user/1000
/dev/sr1        2.0G  2.0G     0 100% /media/chaos/Ubuntu 18.04.4 LTS amd64
＜----------------------------------------------------------------＞
uptime:
 04:07:27 up 11 min,  1 user,  load average: 0.94, 1.37, 0.80
＜----------------------------------------------------------------＞
installed software:
accountsservice					install
acl						install
acpi-support					install
acpid						install
adduser						install
adium-theme-ubuntu				install
adwaita-icon-theme				install
aisleriot					install
alsa-base					install
alsa-utils					install
amd64-microcode					install
anacron						install
apg						install
app-install-data-partner			install
apparmor					install
apport						install
apport-gtk					install
apport-symptoms					install
appstream					install
apt						install
apt-config-icons				install
apt-utils					install
aptdaemon					install
aptdaemon-data					install
apturl						install
apturl-common					install
aspell						install
aspell-en					install
at-spi2-core					install
avahi-autoipd					install
avahi-daemon					install
avahi-utils					install
baobab						install
base-files					install
base-passwd					install
bash						install
bash-completion					install
bc						install
bind9-host					install
binutils					install
binutils-common:amd64				install
binutils-x86-64-linux-gnu			install
bluez						install
bluez-cups					install
bluez-obexd					install
bolt						install
branding-ubuntu					install
brltty						install
bsdmainutils					install
bsdutils					install
bubblewrap					install
busybox-initramfs				install
busybox-static					install
bzip2						install
ca-certificates					install
cheese						install
cheese-common					install
colord						install
colord-data					install
command-not-found				install
command-not-found-data				install
console-setup					install
console-setup-linux				install
coreutils					install
cpio						install
cpp						install
cpp-7						install
cracklib-runtime				install
crda						install
cron						install
cups						install
cups-browsed					install
cups-bsd					install
cups-client					install
cups-common					install
cups-core-drivers				install
cups-daemon					install
cups-filters					install
cups-filters-core-drivers			install
cups-ipp-utils					install
cups-pk-helper					install
cups-ppdc					install
cups-server-common				install
dash						install
dbus						install
dbus-user-session				install
dbus-x11					install
dc						install
dconf-cli					install
dconf-gsettings-backend:amd64			install
dconf-service					install
debconf						install
debconf-i18n					install
debianutils					install
deja-dup					install
desktop-file-utils				install
dictionaries-common				install
diffstat					install
diffutils					install
dirmngr						install
distro-info-data				install
dma						install
dmidecode					install
dmsetup						install
dmz-cursor-theme				install
dns-root-data					install
dnsmasq-base					install
dnsutils					install
dosfstools					install
dpkg						install
e2fsprogs					install
ed						install
efibootmgr					install
eject						install
emacsen-common					install
enchant						install
eog						install
espeak-ng-data:amd64				install
evince						install
evince-common					install
evolution-data-server				install
evolution-data-server-common			install
example-content					install
fdisk						install
file						install
file-roller					install
findutils					install
firefox						install
firefox-locale-en				install
fontconfig					install
fontconfig-config				install
fonts-beng					install
fonts-beng-extra				install
fonts-dejavu-core				install
fonts-deva					install
fonts-deva-extra				install
fonts-droid-fallback				install
fonts-freefont-ttf				install
fonts-gargi					install
fonts-gubbi					install
fonts-gujr					install
fonts-gujr-extra				install
fonts-guru					install
fonts-guru-extra				install
fonts-indic					install
fonts-kacst					install
fonts-kacst-one					install
fonts-kalapi					install
fonts-khmeros-core				install
fonts-knda					install
fonts-lao					install
fonts-liberation				install
fonts-liberation2				install
fonts-lklug-sinhala				install
fonts-lohit-beng-assamese			install
fonts-lohit-beng-bengali			install
fonts-lohit-deva				install
fonts-lohit-gujr				install
fonts-lohit-guru				install
fonts-lohit-knda				install
fonts-lohit-mlym				install
fonts-lohit-orya				install
fonts-lohit-taml				install
fonts-lohit-taml-classical			install
fonts-lohit-telu				install
fonts-mlym					install
fonts-nakula					install
fonts-navilu					install
fonts-noto-cjk					install
fonts-noto-color-emoji				install
fonts-noto-mono					install
fonts-opensymbol				install
fonts-orya					install
fonts-orya-extra				install
fonts-pagul					install
fonts-sahadeva					install
fonts-samyak-deva				install
fonts-samyak-gujr				install
fonts-samyak-mlym				install
